[0.061s] DEBUG:colcon:Command line arguments: ['/usr/bin/colcon', 'build']
[0.061s] DEBUG:colcon:Parsed command line arguments: Namespace(log_base=None, log_level=None, verb_name='build', build_base='build', install_base='install', merge_install=False, symlink_install=False, test_result_base=None, continue_on_error=False, executor='sequential', event_handlers=None, base_paths=['.'], paths=None, cmake_args=None, cmake_target=None, cmake_target_skip_unavailable=False, cmake_clean_cache=False, cmake_clean_first=False, cmake_force_configure=False, ament_cmake_args=None, catkin_cmake_args=None, catkin_skip_building_tests=False, verb_parser=CustomArgumentParser(prog='colcon build', usage=None, description='Build a set of packages.', formatter_class=<class 'colcon_core.command.CustomFormatter'>, conflict_handler='error', add_help=True), verb_extension=<colcon_core.verb.build.BuildVerb object at 0x7465e7d987c0>, main=<bound method BuildVerb.main of <colcon_core.verb.build.BuildVerb object at 0x7465e7d987c0>>)
[0.224s] Level 1:colcon.colcon_core.package_discovery:discover_packages(recursive) check parameters
[0.224s] Level 1:colcon.colcon_core.package_discovery:discover_packages(path) check parameters
[0.224s] Level 1:colcon.colcon_core.package_discovery:discover_packages(recursive) discover
[0.225s] INFO:colcon.colcon_core.package_discovery:Crawling recursively for packages in '/home/yzl/Desktop/ros2_learning-main/ros2_homework_advanced_ws'
[0.225s] Level 1:colcon.colcon_core.package_identification:_identify(.) by extensions ['ignore', 'ignore_ament_install']
[0.225s] Level 1:colcon.colcon_core.package_identification:_identify(.) by extension 'ignore'
[0.225s] Level 1:colcon.colcon_core.package_identification:_identify(.) by extension 'ignore_ament_install'
[0.225s] Level 1:colcon.colcon_core.package_identification:_identify(.) by extensions ['ros']
[0.226s] Level 1:colcon.colcon_core.package_identification:_identify(.) by extension 'ros'
[0.250s] Level 1:colcon.colcon_core.package_identification:_identify(.) by extensions ['cmake', 'python']
[0.250s] Level 1:colcon.colcon_core.package_identification:_identify(.) by extension 'cmake'
[0.250s] Level 1:colcon.colcon_core.package_identification:_identify(.) by extension 'python'
[0.250s] Level 1:colcon.colcon_core.package_identification:_identify(.) by extensions ['python_setup_py']
[0.250s] Level 1:colcon.colcon_core.package_identification:_identify(.) by extension 'python_setup_py'
[0.250s] Level 1:colcon.colcon_core.package_identification:_identify(build) by extensions ['ignore', 'ignore_ament_install']
[0.250s] Level 1:colcon.colcon_core.package_identification:_identify(build) by extension 'ignore'
[0.251s] Level 1:colcon.colcon_core.package_identification:_identify(build) ignored
[0.251s] Level 1:colcon.colcon_core.package_identification:_identify(install) by extensions ['ignore', 'ignore_ament_install']
[0.251s] Level 1:colcon.colcon_core.package_identification:_identify(install) by extension 'ignore'
[0.251s] Level 1:colcon.colcon_core.package_identification:_identify(install) ignored
[0.251s] Level 1:colcon.colcon_core.package_identification:_identify(log) by extensions ['ignore', 'ignore_ament_install']
[0.251s] Level 1:colcon.colcon_core.package_identification:_identify(log) by extension 'ignore'
[0.251s] Level 1:colcon.colcon_core.package_identification:_identify(log) ignored
[0.251s] Level 1:colcon.colcon_core.package_identification:_identify(map_to_visualize) by extensions ['ignore', 'ignore_ament_install']
[0.251s] Level 1:colcon.colcon_core.package_identification:_identify(map_to_visualize) by extension 'ignore'
[0.251s] Level 1:colcon.colcon_core.package_identification:_identify(map_to_visualize) by extension 'ignore_ament_install'
[0.251s] Level 1:colcon.colcon_core.package_identification:_identify(map_to_visualize) by extensions ['ros']
[0.252s] Level 1:colcon.colcon_core.package_identification:_identify(map_to_visualize) by extension 'ros'
[0.252s] Level 1:colcon.colcon_core.package_identification:_identify(map_to_visualize) by extensions ['cmake', 'python']
[0.252s] Level 1:colcon.colcon_core.package_identification:_identify(map_to_visualize) by extension 'cmake'
[0.252s] Level 1:colcon.colcon_core.package_identification:_identify(map_to_visualize) by extension 'python'
[0.252s] Level 1:colcon.colcon_core.package_identification:_identify(map_to_visualize) by extensions ['python_setup_py']
[0.252s] Level 1:colcon.colcon_core.package_identification:_identify(map_to_visualize) by extension 'python_setup_py'
[0.253s] Level 1:colcon.colcon_core.package_identification:_identify(src) by extensions ['ignore', 'ignore_ament_install']
[0.253s] Level 1:colcon.colcon_core.package_identification:_identify(src) by extension 'ignore'
[0.253s] Level 1:colcon.colcon_core.package_identification:_identify(src) by extension 'ignore_ament_install'
[0.253s] Level 1:colcon.colcon_core.package_identification:_identify(src) by extensions ['ros']
[0.253s] Level 1:colcon.colcon_core.package_identification:_identify(src) by extension 'ros'
[0.253s] Level 1:colcon.colcon_core.package_identification:_identify(src) by extensions ['cmake', 'python']
[0.254s] Level 1:colcon.colcon_core.package_identification:_identify(src) by extension 'cmake'
[0.254s] Level 1:colcon.colcon_core.package_identification:_identify(src) by extension 'python'
[0.254s] Level 1:colcon.colcon_core.package_identification:_identify(src) by extensions ['python_setup_py']
[0.254s] Level 1:colcon.colcon_core.package_identification:_identify(src) by extension 'python_setup_py'
[0.254s] Level 1:colcon.colcon_core.package_identification:_identify(src/cone_map_visualize) by extensions ['ignore', 'ignore_ament_install']
[0.254s] Level 1:colcon.colcon_core.package_identification:_identify(src/cone_map_visualize) by extension 'ignore'
[0.254s] Level 1:colcon.colcon_core.package_identification:_identify(src/cone_map_visualize) by extension 'ignore_ament_install'
[0.255s] Level 1:colcon.colcon_core.package_identification:_identify(src/cone_map_visualize) by extensions ['ros']
[0.255s] Level 1:colcon.colcon_core.package_identification:_identify(src/cone_map_visualize) by extension 'ros'
[0.257s] DEBUG:colcon.colcon_core.package_identification:Package 'src/cone_map_visualize' with type 'ros.ament_cmake' and name 'cone_map_visualize'
[0.258s] Level 1:colcon.colcon_core.package_identification:_identify(src/fsd_common_msgs) by extensions ['ignore', 'ignore_ament_install']
[0.258s] Level 1:colcon.colcon_core.package_identification:_identify(src/fsd_common_msgs) by extension 'ignore'
[0.258s] Level 1:colcon.colcon_core.package_identification:_identify(src/fsd_common_msgs) by extension 'ignore_ament_install'
[0.258s] Level 1:colcon.colcon_core.package_identification:_identify(src/fsd_common_msgs) by extensions ['ros']
[0.258s] Level 1:colcon.colcon_core.package_identification:_identify(src/fsd_common_msgs) by extension 'ros'
[0.260s] DEBUG:colcon.colcon_core.package_identification:Package 'src/fsd_common_msgs' with type 'ros.ament_cmake' and name 'fsd_common_msgs'
[0.260s] Level 1:colcon.colcon_core.package_discovery:discover_packages(recursive) using defaults
[0.260s] Level 1:colcon.colcon_core.package_discovery:discover_packages(path) discover
[0.260s] Level 1:colcon.colcon_core.package_discovery:discover_packages(path) using defaults
[0.289s] Level 5:colcon.colcon_core.verb:set package 'fsd_common_msgs' build argument 'cmake_args' from command line to 'None'
[0.289s] Level 5:colcon.colcon_core.verb:set package 'fsd_common_msgs' build argument 'cmake_target' from command line to 'None'
[0.289s] Level 5:colcon.colcon_core.verb:set package 'fsd_common_msgs' build argument 'cmake_target_skip_unavailable' from command line to 'False'
[0.289s] Level 5:colcon.colcon_core.verb:set package 'fsd_common_msgs' build argument 'cmake_clean_cache' from command line to 'False'
[0.289s] Level 5:colcon.colcon_core.verb:set package 'fsd_common_msgs' build argument 'cmake_clean_first' from command line to 'False'
[0.289s] Level 5:colcon.colcon_core.verb:set package 'fsd_common_msgs' build argument 'cmake_force_configure' from command line to 'False'
[0.289s] Level 5:colcon.colcon_core.verb:set package 'fsd_common_msgs' build argument 'ament_cmake_args' from command line to 'None'
[0.289s] Level 5:colcon.colcon_core.verb:set package 'fsd_common_msgs' build argument 'catkin_cmake_args' from command line to 'None'
[0.289s] Level 5:colcon.colcon_core.verb:set package 'fsd_common_msgs' build argument 'catkin_skip_building_tests' from command line to 'False'
[0.289s] DEBUG:colcon.colcon_core.verb:Building package 'fsd_common_msgs' with the following arguments: {'ament_cmake_args': None, 'build_base': '/home/yzl/Desktop/ros2_learning-main/ros2_homework_advanced_ws/build/fsd_common_msgs', 'catkin_cmake_args': None, 'catkin_skip_building_tests': False, 'cmake_args': None, 'cmake_clean_cache': False, 'cmake_clean_first': False, 'cmake_force_configure': False, 'cmake_target': None, 'cmake_target_skip_unavailable': False, 'install_base': '/home/yzl/Desktop/ros2_learning-main/ros2_homework_advanced_ws/install/fsd_common_msgs', 'merge_install': False, 'path': '/home/yzl/Desktop/ros2_learning-main/ros2_homework_advanced_ws/src/fsd_common_msgs', 'symlink_install': False, 'test_result_base': None}
[0.290s] Level 5:colcon.colcon_core.verb:set package 'cone_map_visualize' build argument 'cmake_args' from command line to 'None'
[0.290s] Level 5:colcon.colcon_core.verb:set package 'cone_map_visualize' build argument 'cmake_target' from command line to 'None'
[0.290s] Level 5:colcon.colcon_core.verb:set package 'cone_map_visualize' build argument 'cmake_target_skip_unavailable' from command line to 'False'
[0.290s] Level 5:colcon.colcon_core.verb:set package 'cone_map_visualize' build argument 'cmake_clean_cache' from command line to 'False'
[0.290s] Level 5:colcon.colcon_core.verb:set package 'cone_map_visualize' build argument 'cmake_clean_first' from command line to 'False'
[0.290s] Level 5:colcon.colcon_core.verb:set package 'cone_map_visualize' build argument 'cmake_force_configure' from command line to 'False'
[0.290s] Level 5:colcon.colcon_core.verb:set package 'cone_map_visualize' build argument 'ament_cmake_args' from command line to 'None'
[0.290s] Level 5:colcon.colcon_core.verb:set package 'cone_map_visualize' build argument 'catkin_cmake_args' from command line to 'None'
[0.290s] Level 5:colcon.colcon_core.verb:set package 'cone_map_visualize' build argument 'catkin_skip_building_tests' from command line to 'False'
[0.290s] DEBUG:colcon.colcon_core.verb:Building package 'cone_map_visualize' with the following arguments: {'ament_cmake_args': None, 'build_base': '/home/yzl/Desktop/ros2_learning-main/ros2_homework_advanced_ws/build/cone_map_visualize', 'catkin_cmake_args': None, 'catkin_skip_building_tests': False, 'cmake_args': None, 'cmake_clean_cache': False, 'cmake_clean_first': False, 'cmake_force_configure': False, 'cmake_target': None, 'cmake_target_skip_unavailable': False, 'install_base': '/home/yzl/Desktop/ros2_learning-main/ros2_homework_advanced_ws/install/cone_map_visualize', 'merge_install': False, 'path': '/home/yzl/Desktop/ros2_learning-main/ros2_homework_advanced_ws/src/cone_map_visualize', 'symlink_install': False, 'test_result_base': None}
[0.290s] INFO:colcon.colcon_core.executor:Executing jobs using 'sequential' executor
[0.291s] DEBUG:colcon.colcon_core.executor.sequential:run_until_complete 'fsd_common_msgs'
[0.291s] INFO:colcon.colcon_ros.task.ament_cmake.build:Building ROS package in '/home/yzl/Desktop/ros2_learning-main/ros2_homework_advanced_ws/src/fsd_common_msgs' with build type 'ament_cmake'
[0.292s] INFO:colcon.colcon_cmake.task.cmake.build:Building CMake package in '/home/yzl/Desktop/ros2_learning-main/ros2_homework_advanced_ws/src/fsd_common_msgs'
[0.292s] INFO:colcon.colcon_core.plugin_system:Skipping extension 'colcon_core.shell.bat': Not used on non-Windows systems
[0.292s] DEBUG:colcon.colcon_core.shell:Skip shell extension 'dsv' for command environment
[0.307s] DEBUG:colcon.colcon_core.event_handler.log_command:Invoking command in '/home/yzl/Desktop/ros2_learning-main/ros2_homework_advanced_ws/build/fsd_common_msgs': CMAKE_PREFIX_PATH=${CMAKE_PREFIX_PATH}:/home/yzl/dev_ws/install/learning_urdf:/home/yzl/dev_ws/install/learning_topic:/home/yzl/dev_ws/install/learning_tf:/home/yzl/dev_ws/install/learning_service:/home/yzl/dev_ws/install/learning_qos:/home/yzl/dev_ws/install/learning_pkg_python:/home/yzl/dev_ws/install/learning_parameter:/home/yzl/dev_ws/install/learning_node:/home/yzl/dev_ws/install/learning_launch:/home/yzl/dev_ws/install/learning_action:/home/yzl/dev_ws/install/learning_gazebo_harmonic:/home/yzl/dev_ws/install/learning_gazebo:/home/yzl/dev_ws/install/learning_cv:/opt/ros/humble /usr/bin/cmake --build /home/yzl/Desktop/ros2_learning-main/ros2_homework_advanced_ws/build/fsd_common_msgs -- -j2 -l2
[1.582s] DEBUG:colcon.colcon_core.event_handler.log_command:Invoked command in '/home/yzl/Desktop/ros2_learning-main/ros2_homework_advanced_ws/build/fsd_common_msgs' returned '0': CMAKE_PREFIX_PATH=${CMAKE_PREFIX_PATH}:/home/yzl/dev_ws/install/learning_urdf:/home/yzl/dev_ws/install/learning_topic:/home/yzl/dev_ws/install/learning_tf:/home/yzl/dev_ws/install/learning_service:/home/yzl/dev_ws/install/learning_qos:/home/yzl/dev_ws/install/learning_pkg_python:/home/yzl/dev_ws/install/learning_parameter:/home/yzl/dev_ws/install/learning_node:/home/yzl/dev_ws/install/learning_launch:/home/yzl/dev_ws/install/learning_action:/home/yzl/dev_ws/install/learning_gazebo_harmonic:/home/yzl/dev_ws/install/learning_gazebo:/home/yzl/dev_ws/install/learning_cv:/opt/ros/humble /usr/bin/cmake --build /home/yzl/Desktop/ros2_learning-main/ros2_homework_advanced_ws/build/fsd_common_msgs -- -j2 -l2
[1.628s] DEBUG:colcon.colcon_core.event_handler.log_command:Invoking command in '/home/yzl/Desktop/ros2_learning-main/ros2_homework_advanced_ws/build/fsd_common_msgs': CMAKE_PREFIX_PATH=${CMAKE_PREFIX_PATH}:/home/yzl/dev_ws/install/learning_urdf:/home/yzl/dev_ws/install/learning_topic:/home/yzl/dev_ws/install/learning_tf:/home/yzl/dev_ws/install/learning_service:/home/yzl/dev_ws/install/learning_qos:/home/yzl/dev_ws/install/learning_pkg_python:/home/yzl/dev_ws/install/learning_parameter:/home/yzl/dev_ws/install/learning_node:/home/yzl/dev_ws/install/learning_launch:/home/yzl/dev_ws/install/learning_action:/home/yzl/dev_ws/install/learning_gazebo_harmonic:/home/yzl/dev_ws/install/learning_gazebo:/home/yzl/dev_ws/install/learning_cv:/opt/ros/humble /usr/bin/cmake --install /home/yzl/Desktop/ros2_learning-main/ros2_homework_advanced_ws/build/fsd_common_msgs
[1.908s] Level 1:colcon.colcon_core.environment:create_environment_scripts_only(fsd_common_msgs)
[1.912s] DEBUG:colcon.colcon_core.event_handler.log_command:Invoked command in '/home/yzl/Desktop/ros2_learning-main/ros2_homework_advanced_ws/build/fsd_common_msgs' returned '0': CMAKE_PREFIX_PATH=${CMAKE_PREFIX_PATH}:/home/yzl/dev_ws/install/learning_urdf:/home/yzl/dev_ws/install/learning_topic:/home/yzl/dev_ws/install/learning_tf:/home/yzl/dev_ws/install/learning_service:/home/yzl/dev_ws/install/learning_qos:/home/yzl/dev_ws/install/learning_pkg_python:/home/yzl/dev_ws/install/learning_parameter:/home/yzl/dev_ws/install/learning_node:/home/yzl/dev_ws/install/learning_launch:/home/yzl/dev_ws/install/learning_action:/home/yzl/dev_ws/install/learning_gazebo_harmonic:/home/yzl/dev_ws/install/learning_gazebo:/home/yzl/dev_ws/install/learning_cv:/opt/ros/humble /usr/bin/cmake --install /home/yzl/Desktop/ros2_learning-main/ros2_homework_advanced_ws/build/fsd_common_msgs
[1.918s] Level 1:colcon.colcon_core.environment:checking '/home/yzl/Desktop/ros2_learning-main/ros2_homework_advanced_ws/install/fsd_common_msgs' for CMake module files
[1.918s] Level 1:colcon.colcon_core.environment:checking '/home/yzl/Desktop/ros2_learning-main/ros2_homework_advanced_ws/install/fsd_common_msgs' for CMake config files
[1.919s] Level 1:colcon.colcon_core.shell:create_environment_hook('fsd_common_msgs', 'cmake_prefix_path')
[1.922s] INFO:colcon.colcon_core.shell:Creating environment descriptor '/home/yzl/Desktop/ros2_learning-main/ros2_homework_advanced_ws/install/fsd_common_msgs/share/fsd_common_msgs/hook/cmake_prefix_path.dsv'
[1.923s] INFO:colcon.colcon_core.shell:Creating environment hook '/home/yzl/Desktop/ros2_learning-main/ros2_homework_advanced_ws/install/fsd_common_msgs/share/fsd_common_msgs/hook/cmake_prefix_path.sh'
[1.926s] Level 1:colcon.colcon_core.environment:checking '/home/yzl/Desktop/ros2_learning-main/ros2_homework_advanced_ws/install/fsd_common_msgs/lib'
[1.926s] Level 1:colcon.colcon_core.shell:create_environment_hook('fsd_common_msgs', 'ld_library_path_lib')
[1.926s] INFO:colcon.colcon_core.shell:Creating environment descriptor '/home/yzl/Desktop/ros2_learning-main/ros2_homework_advanced_ws/install/fsd_common_msgs/share/fsd_common_msgs/hook/ld_library_path_lib.dsv'
[1.927s] INFO:colcon.colcon_core.shell:Creating environment hook '/home/yzl/Desktop/ros2_learning-main/ros2_homework_advanced_ws/install/fsd_common_msgs/share/fsd_common_msgs/hook/ld_library_path_lib.sh'
[1.930s] Level 1:colcon.colcon_core.environment:checking '/home/yzl/Desktop/ros2_learning-main/ros2_homework_advanced_ws/install/fsd_common_msgs/bin'
[1.930s] Level 1:colcon.colcon_core.environment:checking '/home/yzl/Desktop/ros2_learning-main/ros2_homework_advanced_ws/install/fsd_common_msgs/lib/pkgconfig/fsd_common_msgs.pc'
[1.931s] Level 1:colcon.colcon_core.environment:checking '/home/yzl/Desktop/ros2_learning-main/ros2_homework_advanced_ws/install/fsd_common_msgs/lib/python3.10/site-packages'
[1.931s] Level 1:colcon.colcon_core.environment:checking '/home/yzl/Desktop/ros2_learning-main/ros2_homework_advanced_ws/install/fsd_common_msgs/bin'
[1.931s] INFO:colcon.colcon_core.shell:Creating package descriptor '/home/yzl/Desktop/ros2_learning-main/ros2_homework_advanced_ws/install/fsd_common_msgs/share/fsd_common_msgs/package.dsv'
[1.934s] INFO:colcon.colcon_core.shell:Creating package script '/home/yzl/Desktop/ros2_learning-main/ros2_homework_advanced_ws/install/fsd_common_msgs/share/fsd_common_msgs/package.sh'
[1.935s] Level 1:colcon.colcon_core.environment:create_file_with_runtime_dependencies(/home/yzl/Desktop/ros2_learning-main/ros2_homework_advanced_ws/install/fsd_common_msgs/share/colcon-core/packages/fsd_common_msgs)
[1.938s] Level 1:colcon.colcon_core.environment:create_environment_scripts_only(fsd_common_msgs)
[1.938s] Level 1:colcon.colcon_core.environment:checking '/home/yzl/Desktop/ros2_learning-main/ros2_homework_advanced_ws/install/fsd_common_msgs' for CMake module files
[1.939s] Level 1:colcon.colcon_core.environment:checking '/home/yzl/Desktop/ros2_learning-main/ros2_homework_advanced_ws/install/fsd_common_msgs' for CMake config files
[1.941s] Level 1:colcon.colcon_core.shell:create_environment_hook('fsd_common_msgs', 'cmake_prefix_path')
[1.943s] INFO:colcon.colcon_core.shell:Creating environment descriptor '/home/yzl/Desktop/ros2_learning-main/ros2_homework_advanced_ws/install/fsd_common_msgs/share/fsd_common_msgs/hook/cmake_prefix_path.dsv'
[1.944s] INFO:colcon.colcon_core.shell:Creating environment hook '/home/yzl/Desktop/ros2_learning-main/ros2_homework_advanced_ws/install/fsd_common_msgs/share/fsd_common_msgs/hook/cmake_prefix_path.sh'
[1.944s] Level 1:colcon.colcon_core.environment:checking '/home/yzl/Desktop/ros2_learning-main/ros2_homework_advanced_ws/install/fsd_common_msgs/lib'
[1.945s] Level 1:colcon.colcon_core.shell:create_environment_hook('fsd_common_msgs', 'ld_library_path_lib')
[1.945s] INFO:colcon.colcon_core.shell:Creating environment descriptor '/home/yzl/Desktop/ros2_learning-main/ros2_homework_advanced_ws/install/fsd_common_msgs/share/fsd_common_msgs/hook/ld_library_path_lib.dsv'
[1.945s] INFO:colcon.colcon_core.shell:Creating environment hook '/home/yzl/Desktop/ros2_learning-main/ros2_homework_advanced_ws/install/fsd_common_msgs/share/fsd_common_msgs/hook/ld_library_path_lib.sh'
[1.948s] Level 1:colcon.colcon_core.environment:checking '/home/yzl/Desktop/ros2_learning-main/ros2_homework_advanced_ws/install/fsd_common_msgs/bin'
[1.948s] Level 1:colcon.colcon_core.environment:checking '/home/yzl/Desktop/ros2_learning-main/ros2_homework_advanced_ws/install/fsd_common_msgs/lib/pkgconfig/fsd_common_msgs.pc'
[1.948s] Level 1:colcon.colcon_core.environment:checking '/home/yzl/Desktop/ros2_learning-main/ros2_homework_advanced_ws/install/fsd_common_msgs/lib/python3.10/site-packages'
[1.948s] Level 1:colcon.colcon_core.environment:checking '/home/yzl/Desktop/ros2_learning-main/ros2_homework_advanced_ws/install/fsd_common_msgs/bin'
[1.949s] INFO:colcon.colcon_core.shell:Creating package descriptor '/home/yzl/Desktop/ros2_learning-main/ros2_homework_advanced_ws/install/fsd_common_msgs/share/fsd_common_msgs/package.dsv'
[1.949s] INFO:colcon.colcon_core.shell:Creating package script '/home/yzl/Desktop/ros2_learning-main/ros2_homework_advanced_ws/install/fsd_common_msgs/share/fsd_common_msgs/package.sh'
[1.953s] Level 1:colcon.colcon_core.environment:create_file_with_runtime_dependencies(/home/yzl/Desktop/ros2_learning-main/ros2_homework_advanced_ws/install/fsd_common_msgs/share/colcon-core/packages/fsd_common_msgs)
[1.953s] DEBUG:colcon.colcon_core.executor.sequential:run_until_complete 'fsd_common_msgs' finished with '0'
[1.953s] DEBUG:colcon.colcon_core.executor.sequential:run_until_complete 'cone_map_visualize'
[1.953s] INFO:colcon.colcon_ros.task.ament_cmake.build:Building ROS package in '/home/yzl/Desktop/ros2_learning-main/ros2_homework_advanced_ws/src/cone_map_visualize' with build type 'ament_cmake'
[1.953s] INFO:colcon.colcon_cmake.task.cmake.build:Building CMake package in '/home/yzl/Desktop/ros2_learning-main/ros2_homework_advanced_ws/src/cone_map_visualize'
[1.954s] DEBUG:colcon.colcon_core.shell:Skip shell extension 'dsv' for command environment
[1.994s] DEBUG:colcon.colcon_core.event_handler.log_command:Invoking command in '/home/yzl/Desktop/ros2_learning-main/ros2_homework_advanced_ws/build/cone_map_visualize': AMENT_PREFIX_PATH=/home/yzl/Desktop/ros2_learning-main/ros2_homework_advanced_ws/install/fsd_common_msgs:${AMENT_PREFIX_PATH} CMAKE_PREFIX_PATH=/home/yzl/Desktop/ros2_learning-main/ros2_homework_advanced_ws/install/fsd_common_msgs:/home/yzl/dev_ws/install/learning_topic_cpp:/home/yzl/dev_ws/install/learning_tf_cpp:/home/yzl/dev_ws/install/learning_service_cpp:/home/yzl/dev_ws/install/learning_pkg_c:/home/yzl/dev_ws/install/learning_parameter_cpp:/home/yzl/dev_ws/install/learning_node_cpp:/home/yzl/dev_ws/install/learning_action_cpp:/home/yzl/dev_ws/install/learning_interface:/home/yzl/dev_ws/install/learning_urdf:/home/yzl/dev_ws/install/learning_topic:/home/yzl/dev_ws/install/learning_tf:/home/yzl/dev_ws/install/learning_service:/home/yzl/dev_ws/install/learning_qos:/home/yzl/dev_ws/install/learning_pkg_python:/home/yzl/dev_ws/install/learning_parameter:/home/yzl/dev_ws/install/learning_node:/home/yzl/dev_ws/install/learning_launch:/home/yzl/dev_ws/install/learning_action:/home/yzl/dev_ws/install/learning_gazebo_harmonic:/home/yzl/dev_ws/install/learning_gazebo:/home/yzl/dev_ws/install/learning_cv:/opt/ros/humble LD_LIBRARY_PATH=/home/yzl/Desktop/ros2_learning-main/ros2_homework_advanced_ws/install/fsd_common_msgs/lib:${LD_LIBRARY_PATH} PYTHONPATH=/home/yzl/Desktop/ros2_learning-main/ros2_homework_advanced_ws/install/fsd_common_msgs/local/lib/python3.10/dist-packages:${PYTHONPATH} /usr/bin/cmake /home/yzl/Desktop/ros2_learning-main/ros2_homework_advanced_ws/src/cone_map_visualize -DCMAKE_INSTALL_PREFIX=/home/yzl/Desktop/ros2_learning-main/ros2_homework_advanced_ws/install/cone_map_visualize
[4.914s] DEBUG:colcon.colcon_core.event_handler.log_command:Invoked command in '/home/yzl/Desktop/ros2_learning-main/ros2_homework_advanced_ws/build/cone_map_visualize' returned '0': AMENT_PREFIX_PATH=/home/yzl/Desktop/ros2_learning-main/ros2_homework_advanced_ws/install/fsd_common_msgs:${AMENT_PREFIX_PATH} CMAKE_PREFIX_PATH=/home/yzl/Desktop/ros2_learning-main/ros2_homework_advanced_ws/install/fsd_common_msgs:/home/yzl/dev_ws/install/learning_topic_cpp:/home/yzl/dev_ws/install/learning_tf_cpp:/home/yzl/dev_ws/install/learning_service_cpp:/home/yzl/dev_ws/install/learning_pkg_c:/home/yzl/dev_ws/install/learning_parameter_cpp:/home/yzl/dev_ws/install/learning_node_cpp:/home/yzl/dev_ws/install/learning_action_cpp:/home/yzl/dev_ws/install/learning_interface:/home/yzl/dev_ws/install/learning_urdf:/home/yzl/dev_ws/install/learning_topic:/home/yzl/dev_ws/install/learning_tf:/home/yzl/dev_ws/install/learning_service:/home/yzl/dev_ws/install/learning_qos:/home/yzl/dev_ws/install/learning_pkg_python:/home/yzl/dev_ws/install/learning_parameter:/home/yzl/dev_ws/install/learning_node:/home/yzl/dev_ws/install/learning_launch:/home/yzl/dev_ws/install/learning_action:/home/yzl/dev_ws/install/learning_gazebo_harmonic:/home/yzl/dev_ws/install/learning_gazebo:/home/yzl/dev_ws/install/learning_cv:/opt/ros/humble LD_LIBRARY_PATH=/home/yzl/Desktop/ros2_learning-main/ros2_homework_advanced_ws/install/fsd_common_msgs/lib:${LD_LIBRARY_PATH} PYTHONPATH=/home/yzl/Desktop/ros2_learning-main/ros2_homework_advanced_ws/install/fsd_common_msgs/local/lib/python3.10/dist-packages:${PYTHONPATH} /usr/bin/cmake /home/yzl/Desktop/ros2_learning-main/ros2_homework_advanced_ws/src/cone_map_visualize -DCMAKE_INSTALL_PREFIX=/home/yzl/Desktop/ros2_learning-main/ros2_homework_advanced_ws/install/cone_map_visualize
[4.915s] DEBUG:colcon.colcon_core.event_handler.log_command:Invoking command in '/home/yzl/Desktop/ros2_learning-main/ros2_homework_advanced_ws/build/cone_map_visualize': AMENT_PREFIX_PATH=/home/yzl/Desktop/ros2_learning-main/ros2_homework_advanced_ws/install/fsd_common_msgs:${AMENT_PREFIX_PATH} CMAKE_PREFIX_PATH=/home/yzl/Desktop/ros2_learning-main/ros2_homework_advanced_ws/install/fsd_common_msgs:/home/yzl/dev_ws/install/learning_topic_cpp:/home/yzl/dev_ws/install/learning_tf_cpp:/home/yzl/dev_ws/install/learning_service_cpp:/home/yzl/dev_ws/install/learning_pkg_c:/home/yzl/dev_ws/install/learning_parameter_cpp:/home/yzl/dev_ws/install/learning_node_cpp:/home/yzl/dev_ws/install/learning_action_cpp:/home/yzl/dev_ws/install/learning_interface:/home/yzl/dev_ws/install/learning_urdf:/home/yzl/dev_ws/install/learning_topic:/home/yzl/dev_ws/install/learning_tf:/home/yzl/dev_ws/install/learning_service:/home/yzl/dev_ws/install/learning_qos:/home/yzl/dev_ws/install/learning_pkg_python:/home/yzl/dev_ws/install/learning_parameter:/home/yzl/dev_ws/install/learning_node:/home/yzl/dev_ws/install/learning_launch:/home/yzl/dev_ws/install/learning_action:/home/yzl/dev_ws/install/learning_gazebo_harmonic:/home/yzl/dev_ws/install/learning_gazebo:/home/yzl/dev_ws/install/learning_cv:/opt/ros/humble LD_LIBRARY_PATH=/home/yzl/Desktop/ros2_learning-main/ros2_homework_advanced_ws/install/fsd_common_msgs/lib:${LD_LIBRARY_PATH} PYTHONPATH=/home/yzl/Desktop/ros2_learning-main/ros2_homework_advanced_ws/install/fsd_common_msgs/local/lib/python3.10/dist-packages:${PYTHONPATH} /usr/bin/cmake --build /home/yzl/Desktop/ros2_learning-main/ros2_homework_advanced_ws/build/cone_map_visualize -- -j2 -l2
[15.729s] DEBUG:colcon.colcon_core.event_handler.log_command:Invoked command in '/home/yzl/Desktop/ros2_learning-main/ros2_homework_advanced_ws/build/cone_map_visualize' returned '0': AMENT_PREFIX_PATH=/home/yzl/Desktop/ros2_learning-main/ros2_homework_advanced_ws/install/fsd_common_msgs:${AMENT_PREFIX_PATH} CMAKE_PREFIX_PATH=/home/yzl/Desktop/ros2_learning-main/ros2_homework_advanced_ws/install/fsd_common_msgs:/home/yzl/dev_ws/install/learning_topic_cpp:/home/yzl/dev_ws/install/learning_tf_cpp:/home/yzl/dev_ws/install/learning_service_cpp:/home/yzl/dev_ws/install/learning_pkg_c:/home/yzl/dev_ws/install/learning_parameter_cpp:/home/yzl/dev_ws/install/learning_node_cpp:/home/yzl/dev_ws/install/learning_action_cpp:/home/yzl/dev_ws/install/learning_interface:/home/yzl/dev_ws/install/learning_urdf:/home/yzl/dev_ws/install/learning_topic:/home/yzl/dev_ws/install/learning_tf:/home/yzl/dev_ws/install/learning_service:/home/yzl/dev_ws/install/learning_qos:/home/yzl/dev_ws/install/learning_pkg_python:/home/yzl/dev_ws/install/learning_parameter:/home/yzl/dev_ws/install/learning_node:/home/yzl/dev_ws/install/learning_launch:/home/yzl/dev_ws/install/learning_action:/home/yzl/dev_ws/install/learning_gazebo_harmonic:/home/yzl/dev_ws/install/learning_gazebo:/home/yzl/dev_ws/install/learning_cv:/opt/ros/humble LD_LIBRARY_PATH=/home/yzl/Desktop/ros2_learning-main/ros2_homework_advanced_ws/install/fsd_common_msgs/lib:${LD_LIBRARY_PATH} PYTHONPATH=/home/yzl/Desktop/ros2_learning-main/ros2_homework_advanced_ws/install/fsd_common_msgs/local/lib/python3.10/dist-packages:${PYTHONPATH} /usr/bin/cmake --build /home/yzl/Desktop/ros2_learning-main/ros2_homework_advanced_ws/build/cone_map_visualize -- -j2 -l2
[15.729s] DEBUG:colcon.colcon_core.event_handler.log_command:Invoking command in '/home/yzl/Desktop/ros2_learning-main/ros2_homework_advanced_ws/build/cone_map_visualize': AMENT_PREFIX_PATH=/home/yzl/Desktop/ros2_learning-main/ros2_homework_advanced_ws/install/fsd_common_msgs:${AMENT_PREFIX_PATH} CMAKE_PREFIX_PATH=/home/yzl/Desktop/ros2_learning-main/ros2_homework_advanced_ws/install/fsd_common_msgs:/home/yzl/dev_ws/install/learning_topic_cpp:/home/yzl/dev_ws/install/learning_tf_cpp:/home/yzl/dev_ws/install/learning_service_cpp:/home/yzl/dev_ws/install/learning_pkg_c:/home/yzl/dev_ws/install/learning_parameter_cpp:/home/yzl/dev_ws/install/learning_node_cpp:/home/yzl/dev_ws/install/learning_action_cpp:/home/yzl/dev_ws/install/learning_interface:/home/yzl/dev_ws/install/learning_urdf:/home/yzl/dev_ws/install/learning_topic:/home/yzl/dev_ws/install/learning_tf:/home/yzl/dev_ws/install/learning_service:/home/yzl/dev_ws/install/learning_qos:/home/yzl/dev_ws/install/learning_pkg_python:/home/yzl/dev_ws/install/learning_parameter:/home/yzl/dev_ws/install/learning_node:/home/yzl/dev_ws/install/learning_launch:/home/yzl/dev_ws/install/learning_action:/home/yzl/dev_ws/install/learning_gazebo_harmonic:/home/yzl/dev_ws/install/learning_gazebo:/home/yzl/dev_ws/install/learning_cv:/opt/ros/humble LD_LIBRARY_PATH=/home/yzl/Desktop/ros2_learning-main/ros2_homework_advanced_ws/install/fsd_common_msgs/lib:${LD_LIBRARY_PATH} PYTHONPATH=/home/yzl/Desktop/ros2_learning-main/ros2_homework_advanced_ws/install/fsd_common_msgs/local/lib/python3.10/dist-packages:${PYTHONPATH} /usr/bin/cmake --install /home/yzl/Desktop/ros2_learning-main/ros2_homework_advanced_ws/build/cone_map_visualize
[15.786s] Level 1:colcon.colcon_core.environment:create_environment_scripts_only(cone_map_visualize)
[15.786s] DEBUG:colcon.colcon_core.event_handler.log_command:Invoked command in '/home/yzl/Desktop/ros2_learning-main/ros2_homework_advanced_ws/build/cone_map_visualize' returned '0': AMENT_PREFIX_PATH=/home/yzl/Desktop/ros2_learning-main/ros2_homework_advanced_ws/install/fsd_common_msgs:${AMENT_PREFIX_PATH} CMAKE_PREFIX_PATH=/home/yzl/Desktop/ros2_learning-main/ros2_homework_advanced_ws/install/fsd_common_msgs:/home/yzl/dev_ws/install/learning_topic_cpp:/home/yzl/dev_ws/install/learning_tf_cpp:/home/yzl/dev_ws/install/learning_service_cpp:/home/yzl/dev_ws/install/learning_pkg_c:/home/yzl/dev_ws/install/learning_parameter_cpp:/home/yzl/dev_ws/install/learning_node_cpp:/home/yzl/dev_ws/install/learning_action_cpp:/home/yzl/dev_ws/install/learning_interface:/home/yzl/dev_ws/install/learning_urdf:/home/yzl/dev_ws/install/learning_topic:/home/yzl/dev_ws/install/learning_tf:/home/yzl/dev_ws/install/learning_service:/home/yzl/dev_ws/install/learning_qos:/home/yzl/dev_ws/install/learning_pkg_python:/home/yzl/dev_ws/install/learning_parameter:/home/yzl/dev_ws/install/learning_node:/home/yzl/dev_ws/install/learning_launch:/home/yzl/dev_ws/install/learning_action:/home/yzl/dev_ws/install/learning_gazebo_harmonic:/home/yzl/dev_ws/install/learning_gazebo:/home/yzl/dev_ws/install/learning_cv:/opt/ros/humble LD_LIBRARY_PATH=/home/yzl/Desktop/ros2_learning-main/ros2_homework_advanced_ws/install/fsd_common_msgs/lib:${LD_LIBRARY_PATH} PYTHONPATH=/home/yzl/Desktop/ros2_learning-main/ros2_homework_advanced_ws/install/fsd_common_msgs/local/lib/python3.10/dist-packages:${PYTHONPATH} /usr/bin/cmake --install /home/yzl/Desktop/ros2_learning-main/ros2_homework_advanced_ws/build/cone_map_visualize
[15.786s] Level 1:colcon.colcon_core.environment:checking '/home/yzl/Desktop/ros2_learning-main/ros2_homework_advanced_ws/install/cone_map_visualize' for CMake module files
[15.787s] Level 1:colcon.colcon_core.environment:checking '/home/yzl/Desktop/ros2_learning-main/ros2_homework_advanced_ws/install/cone_map_visualize' for CMake config files
[15.787s] Level 1:colcon.colcon_core.shell:create_environment_hook('cone_map_visualize', 'cmake_prefix_path')
[15.788s] INFO:colcon.colcon_core.shell:Creating environment descriptor '/home/yzl/Desktop/ros2_learning-main/ros2_homework_advanced_ws/install/cone_map_visualize/share/cone_map_visualize/hook/cmake_prefix_path.dsv'
[15.788s] INFO:colcon.colcon_core.shell:Creating environment hook '/home/yzl/Desktop/ros2_learning-main/ros2_homework_advanced_ws/install/cone_map_visualize/share/cone_map_visualize/hook/cmake_prefix_path.sh'
[15.789s] Level 1:colcon.colcon_core.environment:checking '/home/yzl/Desktop/ros2_learning-main/ros2_homework_advanced_ws/install/cone_map_visualize/lib'
[15.789s] Level 1:colcon.colcon_core.environment:checking '/home/yzl/Desktop/ros2_learning-main/ros2_homework_advanced_ws/install/cone_map_visualize/bin'
[15.789s] Level 1:colcon.colcon_core.environment:checking '/home/yzl/Desktop/ros2_learning-main/ros2_homework_advanced_ws/install/cone_map_visualize/lib/pkgconfig/cone_map_visualize.pc'
[15.790s] Level 1:colcon.colcon_core.environment:checking '/home/yzl/Desktop/ros2_learning-main/ros2_homework_advanced_ws/install/cone_map_visualize/lib/python3.10/site-packages'
[15.790s] Level 1:colcon.colcon_core.environment:checking '/home/yzl/Desktop/ros2_learning-main/ros2_homework_advanced_ws/install/cone_map_visualize/bin'
[15.790s] INFO:colcon.colcon_core.shell:Creating package descriptor '/home/yzl/Desktop/ros2_learning-main/ros2_homework_advanced_ws/install/cone_map_visualize/share/cone_map_visualize/package.dsv'
[15.791s] INFO:colcon.colcon_core.shell:Creating package script '/home/yzl/Desktop/ros2_learning-main/ros2_homework_advanced_ws/install/cone_map_visualize/share/cone_map_visualize/package.sh'
[15.792s] Level 1:colcon.colcon_core.environment:create_file_with_runtime_dependencies(/home/yzl/Desktop/ros2_learning-main/ros2_homework_advanced_ws/install/cone_map_visualize/share/colcon-core/packages/cone_map_visualize)
[15.794s] Level 1:colcon.colcon_core.environment:create_environment_scripts_only(cone_map_visualize)
[15.795s] Level 1:colcon.colcon_core.environment:checking '/home/yzl/Desktop/ros2_learning-main/ros2_homework_advanced_ws/install/cone_map_visualize' for CMake module files
[15.795s] Level 1:colcon.colcon_core.environment:checking '/home/yzl/Desktop/ros2_learning-main/ros2_homework_advanced_ws/install/cone_map_visualize' for CMake config files
[15.796s] Level 1:colcon.colcon_core.shell:create_environment_hook('cone_map_visualize', 'cmake_prefix_path')
[15.796s] INFO:colcon.colcon_core.shell:Creating environment descriptor '/home/yzl/Desktop/ros2_learning-main/ros2_homework_advanced_ws/install/cone_map_visualize/share/cone_map_visualize/hook/cmake_prefix_path.dsv'
[15.796s] INFO:colcon.colcon_core.shell:Creating environment hook '/home/yzl/Desktop/ros2_learning-main/ros2_homework_advanced_ws/install/cone_map_visualize/share/cone_map_visualize/hook/cmake_prefix_path.sh'
[15.798s] Level 1:colcon.colcon_core.environment:checking '/home/yzl/Desktop/ros2_learning-main/ros2_homework_advanced_ws/install/cone_map_visualize/lib'
[15.798s] Level 1:colcon.colcon_core.environment:checking '/home/yzl/Desktop/ros2_learning-main/ros2_homework_advanced_ws/install/cone_map_visualize/bin'
[15.799s] Level 1:colcon.colcon_core.environment:checking '/home/yzl/Desktop/ros2_learning-main/ros2_homework_advanced_ws/install/cone_map_visualize/lib/pkgconfig/cone_map_visualize.pc'
[15.799s] Level 1:colcon.colcon_core.environment:checking '/home/yzl/Desktop/ros2_learning-main/ros2_homework_advanced_ws/install/cone_map_visualize/lib/python3.10/site-packages'
[15.800s] Level 1:colcon.colcon_core.environment:checking '/home/yzl/Desktop/ros2_learning-main/ros2_homework_advanced_ws/install/cone_map_visualize/bin'
[15.800s] INFO:colcon.colcon_core.shell:Creating package descriptor '/home/yzl/Desktop/ros2_learning-main/ros2_homework_advanced_ws/install/cone_map_visualize/share/cone_map_visualize/package.dsv'
[15.802s] INFO:colcon.colcon_core.shell:Creating package script '/home/yzl/Desktop/ros2_learning-main/ros2_homework_advanced_ws/install/cone_map_visualize/share/cone_map_visualize/package.sh'
[15.806s] Level 1:colcon.colcon_core.environment:create_file_with_runtime_dependencies(/home/yzl/Desktop/ros2_learning-main/ros2_homework_advanced_ws/install/cone_map_visualize/share/colcon-core/packages/cone_map_visualize)
[15.807s] DEBUG:colcon.colcon_core.executor.sequential:run_until_complete 'cone_map_visualize' finished with '0'
[15.807s] DEBUG:colcon.colcon_core.executor.sequential:closing loop
[15.808s] DEBUG:colcon.colcon_core.executor.sequential:loop closed
[15.808s] DEBUG:colcon.colcon_core.event_reactor:joining thread
[15.808s] DEBUG:colcon.colcon_core.event_reactor:joined thread
[15.809s] INFO:colcon.colcon_core.shell:Creating prefix script '/home/yzl/Desktop/ros2_learning-main/ros2_homework_advanced_ws/install/local_setup.sh'
[15.811s] INFO:colcon.colcon_core.shell:Creating prefix util module '/home/yzl/Desktop/ros2_learning-main/ros2_homework_advanced_ws/install/_local_setup_util_sh.py'
[15.813s] INFO:colcon.colcon_core.shell:Creating prefix chain script '/home/yzl/Desktop/ros2_learning-main/ros2_homework_advanced_ws/install/setup.sh'
