[0.067s] DEBUG:colcon:Command line arguments: ['/usr/bin/colcon', 'build']
[0.068s] DEBUG:colcon:Parsed command line arguments: Namespace(log_base=None, log_level=None, verb_name='build', build_base='build', install_base='install', merge_install=False, symlink_install=False, test_result_base=None, continue_on_error=False, executor='sequential', event_handlers=None, base_paths=['.'], paths=None, cmake_args=None, cmake_target=None, cmake_target_skip_unavailable=False, cmake_clean_cache=False, cmake_clean_first=False, cmake_force_configure=False, ament_cmake_args=None, catkin_cmake_args=None, catkin_skip_building_tests=False, verb_parser=CustomArgumentParser(prog='colcon build', usage=None, description='Build a set of packages.', formatter_class=<class 'colcon_core.command.CustomFormatter'>, conflict_handler='error', add_help=True), verb_extension=<colcon_core.verb.build.BuildVerb object at 0x73a9c43a47c0>, main=<bound method BuildVerb.main of <colcon_core.verb.build.BuildVerb object at 0x73a9c43a47c0>>)
[0.255s] Level 1:colcon.colcon_core.package_discovery:discover_packages(recursive) check parameters
[0.255s] Level 1:colcon.colcon_core.package_discovery:discover_packages(path) check parameters
[0.255s] Level 1:colcon.colcon_core.package_discovery:discover_packages(recursive) discover
[0.255s] INFO:colcon.colcon_core.package_discovery:Crawling recursively for packages in '/home/yzl/Desktop/ros2_learning-main/ros2_homework_advanced_ws'
[0.255s] Level 1:colcon.colcon_core.package_identification:_identify(.) by extensions ['ignore', 'ignore_ament_install']
[0.255s] Level 1:colcon.colcon_core.package_identification:_identify(.) by extension 'ignore'
[0.255s] Level 1:colcon.colcon_core.package_identification:_identify(.) by extension 'ignore_ament_install'
[0.255s] Level 1:colcon.colcon_core.package_identification:_identify(.) by extensions ['ros']
[0.255s] Level 1:colcon.colcon_core.package_identification:_identify(.) by extension 'ros'
[0.283s] Level 1:colcon.colcon_core.package_identification:_identify(.) by extensions ['cmake', 'python']
[0.283s] Level 1:colcon.colcon_core.package_identification:_identify(.) by extension 'cmake'
[0.283s] Level 1:colcon.colcon_core.package_identification:_identify(.) by extension 'python'
[0.283s] Level 1:colcon.colcon_core.package_identification:_identify(.) by extensions ['python_setup_py']
[0.283s] Level 1:colcon.colcon_core.package_identification:_identify(.) by extension 'python_setup_py'
[0.284s] Level 1:colcon.colcon_core.package_identification:_identify(build) by extensions ['ignore', 'ignore_ament_install']
[0.284s] Level 1:colcon.colcon_core.package_identification:_identify(build) by extension 'ignore'
[0.284s] Level 1:colcon.colcon_core.package_identification:_identify(build) ignored
[0.284s] Level 1:colcon.colcon_core.package_identification:_identify(install) by extensions ['ignore', 'ignore_ament_install']
[0.284s] Level 1:colcon.colcon_core.package_identification:_identify(install) by extension 'ignore'
[0.284s] Level 1:colcon.colcon_core.package_identification:_identify(install) ignored
[0.284s] Level 1:colcon.colcon_core.package_identification:_identify(log) by extensions ['ignore', 'ignore_ament_install']
[0.284s] Level 1:colcon.colcon_core.package_identification:_identify(log) by extension 'ignore'
[0.284s] Level 1:colcon.colcon_core.package_identification:_identify(log) ignored
[0.285s] Level 1:colcon.colcon_core.package_identification:_identify(map_to_visualize) by extensions ['ignore', 'ignore_ament_install']
[0.285s] Level 1:colcon.colcon_core.package_identification:_identify(map_to_visualize) by extension 'ignore'
[0.285s] Level 1:colcon.colcon_core.package_identification:_identify(map_to_visualize) by extension 'ignore_ament_install'
[0.285s] Level 1:colcon.colcon_core.package_identification:_identify(map_to_visualize) by extensions ['ros']
[0.285s] Level 1:colcon.colcon_core.package_identification:_identify(map_to_visualize) by extension 'ros'
[0.285s] Level 1:colcon.colcon_core.package_identification:_identify(map_to_visualize) by extensions ['cmake', 'python']
[0.285s] Level 1:colcon.colcon_core.package_identification:_identify(map_to_visualize) by extension 'cmake'
[0.285s] Level 1:colcon.colcon_core.package_identification:_identify(map_to_visualize) by extension 'python'
[0.285s] Level 1:colcon.colcon_core.package_identification:_identify(map_to_visualize) by extensions ['python_setup_py']
[0.285s] Level 1:colcon.colcon_core.package_identification:_identify(map_to_visualize) by extension 'python_setup_py'
[0.285s] Level 1:colcon.colcon_core.package_identification:_identify(src) by extensions ['ignore', 'ignore_ament_install']
[0.286s] Level 1:colcon.colcon_core.package_identification:_identify(src) by extension 'ignore'
[0.286s] Level 1:colcon.colcon_core.package_identification:_identify(src) by extension 'ignore_ament_install'
[0.286s] Level 1:colcon.colcon_core.package_identification:_identify(src) by extensions ['ros']
[0.286s] Level 1:colcon.colcon_core.package_identification:_identify(src) by extension 'ros'
[0.286s] Level 1:colcon.colcon_core.package_identification:_identify(src) by extensions ['cmake', 'python']
[0.286s] Level 1:colcon.colcon_core.package_identification:_identify(src) by extension 'cmake'
[0.286s] Level 1:colcon.colcon_core.package_identification:_identify(src) by extension 'python'
[0.286s] Level 1:colcon.colcon_core.package_identification:_identify(src) by extensions ['python_setup_py']
[0.286s] Level 1:colcon.colcon_core.package_identification:_identify(src) by extension 'python_setup_py'
[0.287s] Level 1:colcon.colcon_core.package_identification:_identify(src/cone_map_visual) by extensions ['ignore', 'ignore_ament_install']
[0.287s] Level 1:colcon.colcon_core.package_identification:_identify(src/cone_map_visual) by extension 'ignore'
[0.287s] Level 1:colcon.colcon_core.package_identification:_identify(src/cone_map_visual) by extension 'ignore_ament_install'
[0.287s] Level 1:colcon.colcon_core.package_identification:_identify(src/cone_map_visual) by extensions ['ros']
[0.287s] Level 1:colcon.colcon_core.package_identification:_identify(src/cone_map_visual) by extension 'ros'
[0.289s] DEBUG:colcon.colcon_core.package_identification:Package 'src/cone_map_visual' with type 'ros.ament_cmake' and name 'cone_map_visual'
[0.289s] Level 1:colcon.colcon_core.package_identification:_identify(src/fsd_common_msgs) by extensions ['ignore', 'ignore_ament_install']
[0.290s] Level 1:colcon.colcon_core.package_identification:_identify(src/fsd_common_msgs) by extension 'ignore'
[0.290s] Level 1:colcon.colcon_core.package_identification:_identify(src/fsd_common_msgs) by extension 'ignore_ament_install'
[0.290s] Level 1:colcon.colcon_core.package_identification:_identify(src/fsd_common_msgs) by extensions ['ros']
[0.290s] Level 1:colcon.colcon_core.package_identification:_identify(src/fsd_common_msgs) by extension 'ros'
[0.290s] DEBUG:colcon.colcon_core.package_identification:Package 'src/fsd_common_msgs' with type 'ros.ament_cmake' and name 'fsd_common_msgs'
[0.290s] Level 1:colcon.colcon_core.package_discovery:discover_packages(recursive) using defaults
[0.291s] Level 1:colcon.colcon_core.package_discovery:discover_packages(path) discover
[0.291s] Level 1:colcon.colcon_core.package_discovery:discover_packages(path) using defaults
[0.321s] Level 5:colcon.colcon_core.verb:set package 'fsd_common_msgs' build argument 'cmake_args' from command line to 'None'
[0.321s] Level 5:colcon.colcon_core.verb:set package 'fsd_common_msgs' build argument 'cmake_target' from command line to 'None'
[0.321s] Level 5:colcon.colcon_core.verb:set package 'fsd_common_msgs' build argument 'cmake_target_skip_unavailable' from command line to 'False'
[0.321s] Level 5:colcon.colcon_core.verb:set package 'fsd_common_msgs' build argument 'cmake_clean_cache' from command line to 'False'
[0.321s] Level 5:colcon.colcon_core.verb:set package 'fsd_common_msgs' build argument 'cmake_clean_first' from command line to 'False'
[0.321s] Level 5:colcon.colcon_core.verb:set package 'fsd_common_msgs' build argument 'cmake_force_configure' from command line to 'False'
[0.321s] Level 5:colcon.colcon_core.verb:set package 'fsd_common_msgs' build argument 'ament_cmake_args' from command line to 'None'
[0.321s] Level 5:colcon.colcon_core.verb:set package 'fsd_common_msgs' build argument 'catkin_cmake_args' from command line to 'None'
[0.321s] Level 5:colcon.colcon_core.verb:set package 'fsd_common_msgs' build argument 'catkin_skip_building_tests' from command line to 'False'
[0.321s] DEBUG:colcon.colcon_core.verb:Building package 'fsd_common_msgs' with the following arguments: {'ament_cmake_args': None, 'build_base': '/home/yzl/Desktop/ros2_learning-main/ros2_homework_advanced_ws/build/fsd_common_msgs', 'catkin_cmake_args': None, 'catkin_skip_building_tests': False, 'cmake_args': None, 'cmake_clean_cache': False, 'cmake_clean_first': False, 'cmake_force_configure': False, 'cmake_target': None, 'cmake_target_skip_unavailable': False, 'install_base': '/home/yzl/Desktop/ros2_learning-main/ros2_homework_advanced_ws/install/fsd_common_msgs', 'merge_install': False, 'path': '/home/yzl/Desktop/ros2_learning-main/ros2_homework_advanced_ws/src/fsd_common_msgs', 'symlink_install': False, 'test_result_base': None}
[0.322s] Level 5:colcon.colcon_core.verb:set package 'cone_map_visual' build argument 'cmake_args' from command line to 'None'
[0.322s] Level 5:colcon.colcon_core.verb:set package 'cone_map_visual' build argument 'cmake_target' from command line to 'None'
[0.322s] Level 5:colcon.colcon_core.verb:set package 'cone_map_visual' build argument 'cmake_target_skip_unavailable' from command line to 'False'
[0.322s] Level 5:colcon.colcon_core.verb:set package 'cone_map_visual' build argument 'cmake_clean_cache' from command line to 'False'
[0.322s] Level 5:colcon.colcon_core.verb:set package 'cone_map_visual' build argument 'cmake_clean_first' from command line to 'False'
[0.322s] Level 5:colcon.colcon_core.verb:set package 'cone_map_visual' build argument 'cmake_force_configure' from command line to 'False'
[0.322s] Level 5:colcon.colcon_core.verb:set package 'cone_map_visual' build argument 'ament_cmake_args' from command line to 'None'
[0.322s] Level 5:colcon.colcon_core.verb:set package 'cone_map_visual' build argument 'catkin_cmake_args' from command line to 'None'
[0.322s] Level 5:colcon.colcon_core.verb:set package 'cone_map_visual' build argument 'catkin_skip_building_tests' from command line to 'False'
[0.322s] DEBUG:colcon.colcon_core.verb:Building package 'cone_map_visual' with the following arguments: {'ament_cmake_args': None, 'build_base': '/home/yzl/Desktop/ros2_learning-main/ros2_homework_advanced_ws/build/cone_map_visual', 'catkin_cmake_args': None, 'catkin_skip_building_tests': False, 'cmake_args': None, 'cmake_clean_cache': False, 'cmake_clean_first': False, 'cmake_force_configure': False, 'cmake_target': None, 'cmake_target_skip_unavailable': False, 'install_base': '/home/yzl/Desktop/ros2_learning-main/ros2_homework_advanced_ws/install/cone_map_visual', 'merge_install': False, 'path': '/home/yzl/Desktop/ros2_learning-main/ros2_homework_advanced_ws/src/cone_map_visual', 'symlink_install': False, 'test_result_base': None}
[0.322s] INFO:colcon.colcon_core.executor:Executing jobs using 'sequential' executor
[0.323s] DEBUG:colcon.colcon_core.executor.sequential:run_until_complete 'fsd_common_msgs'
[0.324s] INFO:colcon.colcon_ros.task.ament_cmake.build:Building ROS package in '/home/yzl/Desktop/ros2_learning-main/ros2_homework_advanced_ws/src/fsd_common_msgs' with build type 'ament_cmake'
[0.324s] INFO:colcon.colcon_cmake.task.cmake.build:Building CMake package in '/home/yzl/Desktop/ros2_learning-main/ros2_homework_advanced_ws/src/fsd_common_msgs'
[0.325s] INFO:colcon.colcon_core.plugin_system:Skipping extension 'colcon_core.shell.bat': Not used on non-Windows systems
[0.325s] DEBUG:colcon.colcon_core.shell:Skip shell extension 'dsv' for command environment
[0.343s] DEBUG:colcon.colcon_core.event_handler.log_command:Invoking command in '/home/yzl/Desktop/ros2_learning-main/ros2_homework_advanced_ws/build/fsd_common_msgs': CMAKE_PREFIX_PATH=${CMAKE_PREFIX_PATH}:/home/yzl/dev_ws/install/learning_urdf:/home/yzl/dev_ws/install/learning_topic:/home/yzl/dev_ws/install/learning_tf:/home/yzl/dev_ws/install/learning_service:/home/yzl/dev_ws/install/learning_qos:/home/yzl/dev_ws/install/learning_pkg_python:/home/yzl/dev_ws/install/learning_parameter:/home/yzl/dev_ws/install/learning_node:/home/yzl/dev_ws/install/learning_launch:/home/yzl/dev_ws/install/learning_action:/home/yzl/dev_ws/install/learning_gazebo_harmonic:/home/yzl/dev_ws/install/learning_gazebo:/home/yzl/dev_ws/install/learning_cv:/opt/ros/humble /usr/bin/cmake /home/yzl/Desktop/ros2_learning-main/ros2_homework_advanced_ws/src/fsd_common_msgs -DCMAKE_INSTALL_PREFIX=/home/yzl/Desktop/ros2_learning-main/ros2_homework_advanced_ws/install/fsd_common_msgs
[1.421s] DEBUG:colcon.colcon_core.event_handler.log_command:Invoked command in '/home/yzl/Desktop/ros2_learning-main/ros2_homework_advanced_ws/build/fsd_common_msgs' returned '1': CMAKE_PREFIX_PATH=${CMAKE_PREFIX_PATH}:/home/yzl/dev_ws/install/learning_urdf:/home/yzl/dev_ws/install/learning_topic:/home/yzl/dev_ws/install/learning_tf:/home/yzl/dev_ws/install/learning_service:/home/yzl/dev_ws/install/learning_qos:/home/yzl/dev_ws/install/learning_pkg_python:/home/yzl/dev_ws/install/learning_parameter:/home/yzl/dev_ws/install/learning_node:/home/yzl/dev_ws/install/learning_launch:/home/yzl/dev_ws/install/learning_action:/home/yzl/dev_ws/install/learning_gazebo_harmonic:/home/yzl/dev_ws/install/learning_gazebo:/home/yzl/dev_ws/install/learning_cv:/opt/ros/humble /usr/bin/cmake /home/yzl/Desktop/ros2_learning-main/ros2_homework_advanced_ws/src/fsd_common_msgs -DCMAKE_INSTALL_PREFIX=/home/yzl/Desktop/ros2_learning-main/ros2_homework_advanced_ws/install/fsd_common_msgs
[1.443s] Level 1:colcon.colcon_core.environment:create_environment_scripts_only(fsd_common_msgs)
[1.445s] Level 1:colcon.colcon_core.environment:checking '/home/yzl/Desktop/ros2_learning-main/ros2_homework_advanced_ws/install/fsd_common_msgs' for CMake module files
[1.446s] Level 1:colcon.colcon_core.environment:checking '/home/yzl/Desktop/ros2_learning-main/ros2_homework_advanced_ws/install/fsd_common_msgs' for CMake config files
[1.448s] Level 1:colcon.colcon_core.environment:checking '/home/yzl/Desktop/ros2_learning-main/ros2_homework_advanced_ws/install/fsd_common_msgs/bin'
[1.448s] Level 1:colcon.colcon_core.environment:checking '/home/yzl/Desktop/ros2_learning-main/ros2_homework_advanced_ws/install/fsd_common_msgs/lib/pkgconfig/fsd_common_msgs.pc'
[1.449s] Level 1:colcon.colcon_core.environment:checking '/home/yzl/Desktop/ros2_learning-main/ros2_homework_advanced_ws/install/fsd_common_msgs/lib/python3.10/site-packages'
[1.449s] Level 1:colcon.colcon_core.environment:checking '/home/yzl/Desktop/ros2_learning-main/ros2_homework_advanced_ws/install/fsd_common_msgs/bin'
[1.449s] INFO:colcon.colcon_core.shell:Creating package descriptor '/home/yzl/Desktop/ros2_learning-main/ros2_homework_advanced_ws/install/fsd_common_msgs/share/fsd_common_msgs/package.dsv'
[1.450s] INFO:colcon.colcon_core.shell:Creating package script '/home/yzl/Desktop/ros2_learning-main/ros2_homework_advanced_ws/install/fsd_common_msgs/share/fsd_common_msgs/package.sh'
[1.451s] Level 1:colcon.colcon_core.environment:create_file_with_runtime_dependencies(/home/yzl/Desktop/ros2_learning-main/ros2_homework_advanced_ws/install/fsd_common_msgs/share/colcon-core/packages/fsd_common_msgs)
[1.451s] DEBUG:colcon.colcon_core.executor.sequential:run_until_complete 'fsd_common_msgs' finished with '1'
[1.452s] DEBUG:colcon.colcon_core.executor.sequential:closing loop
[1.452s] DEBUG:colcon.colcon_core.executor.sequential:loop closed
[1.452s] DEBUG:colcon.colcon_core.event_reactor:joining thread
[1.452s] DEBUG:colcon.colcon_core.event_reactor:joined thread
[1.452s] INFO:colcon.colcon_core.shell:Creating prefix script '/home/yzl/Desktop/ros2_learning-main/ros2_homework_advanced_ws/install/local_setup.sh'
[1.453s] INFO:colcon.colcon_core.shell:Creating prefix util module '/home/yzl/Desktop/ros2_learning-main/ros2_homework_advanced_ws/install/_local_setup_util_sh.py'
[1.454s] INFO:colcon.colcon_core.shell:Creating prefix chain script '/home/yzl/Desktop/ros2_learning-main/ros2_homework_advanced_ws/install/setup.sh'
