[0.062s] DEBUG:colcon:Command line arguments: ['/usr/bin/colcon', 'build']
[0.062s] DEBUG:colcon:Parsed command line arguments: Namespace(log_base=None, log_level=None, verb_name='build', build_base='build', install_base='install', merge_install=False, symlink_install=False, test_result_base=None, continue_on_error=False, executor='sequential', event_handlers=None, base_paths=['.'], paths=None, cmake_args=None, cmake_target=None, cmake_target_skip_unavailable=False, cmake_clean_cache=False, cmake_clean_first=False, cmake_force_configure=False, ament_cmake_args=None, catkin_cmake_args=None, catkin_skip_building_tests=False, verb_parser=CustomArgumentParser(prog='colcon build', usage=None, description='Build a set of packages.', formatter_class=<class 'colcon_core.command.CustomFormatter'>, conflict_handler='error', add_help=True), verb_extension=<colcon_core.verb.build.BuildVerb object at 0x72b8153a07c0>, main=<bound method BuildVerb.main of <colcon_core.verb.build.BuildVerb object at 0x72b8153a07c0>>)
[0.228s] Level 1:colcon.colcon_core.package_discovery:discover_packages(recursive) check parameters
[0.228s] Level 1:colcon.colcon_core.package_discovery:discover_packages(path) check parameters
[0.228s] Level 1:colcon.colcon_core.package_discovery:discover_packages(recursive) discover
[0.229s] INFO:colcon.colcon_core.package_discovery:Crawling recursively for packages in '/home/yzl/Desktop/ros2_learning-main/ros2_homework_advanced_ws'
[0.229s] Level 1:colcon.colcon_core.package_identification:_identify(.) by extensions ['ignore', 'ignore_ament_install']
[0.229s] Level 1:colcon.colcon_core.package_identification:_identify(.) by extension 'ignore'
[0.229s] Level 1:colcon.colcon_core.package_identification:_identify(.) by extension 'ignore_ament_install'
[0.229s] Level 1:colcon.colcon_core.package_identification:_identify(.) by extensions ['ros']
[0.230s] Level 1:colcon.colcon_core.package_identification:_identify(.) by extension 'ros'
[0.254s] Level 1:colcon.colcon_core.package_identification:_identify(.) by extensions ['cmake', 'python']
[0.255s] Level 1:colcon.colcon_core.package_identification:_identify(.) by extension 'cmake'
[0.255s] Level 1:colcon.colcon_core.package_identification:_identify(.) by extension 'python'
[0.255s] Level 1:colcon.colcon_core.package_identification:_identify(.) by extensions ['python_setup_py']
[0.255s] Level 1:colcon.colcon_core.package_identification:_identify(.) by extension 'python_setup_py'
[0.255s] Level 1:colcon.colcon_core.package_identification:_identify(build) by extensions ['ignore', 'ignore_ament_install']
[0.255s] Level 1:colcon.colcon_core.package_identification:_identify(build) by extension 'ignore'
[0.255s] Level 1:colcon.colcon_core.package_identification:_identify(build) ignored
[0.256s] Level 1:colcon.colcon_core.package_identification:_identify(install) by extensions ['ignore', 'ignore_ament_install']
[0.256s] Level 1:colcon.colcon_core.package_identification:_identify(install) by extension 'ignore'
[0.256s] Level 1:colcon.colcon_core.package_identification:_identify(install) ignored
[0.256s] Level 1:colcon.colcon_core.package_identification:_identify(log) by extensions ['ignore', 'ignore_ament_install']
[0.256s] Level 1:colcon.colcon_core.package_identification:_identify(log) by extension 'ignore'
[0.256s] Level 1:colcon.colcon_core.package_identification:_identify(log) ignored
[0.256s] Level 1:colcon.colcon_core.package_identification:_identify(map_to_visualize) by extensions ['ignore', 'ignore_ament_install']
[0.256s] Level 1:colcon.colcon_core.package_identification:_identify(map_to_visualize) by extension 'ignore'
[0.256s] Level 1:colcon.colcon_core.package_identification:_identify(map_to_visualize) by extension 'ignore_ament_install'
[0.257s] Level 1:colcon.colcon_core.package_identification:_identify(map_to_visualize) by extensions ['ros']
[0.257s] Level 1:colcon.colcon_core.package_identification:_identify(map_to_visualize) by extension 'ros'
[0.257s] Level 1:colcon.colcon_core.package_identification:_identify(map_to_visualize) by extensions ['cmake', 'python']
[0.257s] Level 1:colcon.colcon_core.package_identification:_identify(map_to_visualize) by extension 'cmake'
[0.257s] Level 1:colcon.colcon_core.package_identification:_identify(map_to_visualize) by extension 'python'
[0.257s] Level 1:colcon.colcon_core.package_identification:_identify(map_to_visualize) by extensions ['python_setup_py']
[0.257s] Level 1:colcon.colcon_core.package_identification:_identify(map_to_visualize) by extension 'python_setup_py'
[0.258s] Level 1:colcon.colcon_core.package_identification:_identify(src) by extensions ['ignore', 'ignore_ament_install']
[0.258s] Level 1:colcon.colcon_core.package_identification:_identify(src) by extension 'ignore'
[0.258s] Level 1:colcon.colcon_core.package_identification:_identify(src) by extension 'ignore_ament_install'
[0.258s] Level 1:colcon.colcon_core.package_identification:_identify(src) by extensions ['ros']
[0.258s] Level 1:colcon.colcon_core.package_identification:_identify(src) by extension 'ros'
[0.258s] Level 1:colcon.colcon_core.package_identification:_identify(src) by extensions ['cmake', 'python']
[0.258s] Level 1:colcon.colcon_core.package_identification:_identify(src) by extension 'cmake'
[0.258s] Level 1:colcon.colcon_core.package_identification:_identify(src) by extension 'python'
[0.258s] Level 1:colcon.colcon_core.package_identification:_identify(src) by extensions ['python_setup_py']
[0.258s] Level 1:colcon.colcon_core.package_identification:_identify(src) by extension 'python_setup_py'
[0.258s] Level 1:colcon.colcon_core.package_identification:_identify(src/cone_map_visual) by extensions ['ignore', 'ignore_ament_install']
[0.258s] Level 1:colcon.colcon_core.package_identification:_identify(src/cone_map_visual) by extension 'ignore'
[0.258s] Level 1:colcon.colcon_core.package_identification:_identify(src/cone_map_visual) by extension 'ignore_ament_install'
[0.258s] Level 1:colcon.colcon_core.package_identification:_identify(src/cone_map_visual) by extensions ['ros']
[0.258s] Level 1:colcon.colcon_core.package_identification:_identify(src/cone_map_visual) by extension 'ros'
[0.261s] DEBUG:colcon.colcon_core.package_identification:Package 'src/cone_map_visual' with type 'ros.ament_cmake' and name 'cone_map_visual'
[0.261s] Level 1:colcon.colcon_core.package_identification:_identify(src/fsd_common_msgs) by extensions ['ignore', 'ignore_ament_install']
[0.261s] Level 1:colcon.colcon_core.package_identification:_identify(src/fsd_common_msgs) by extension 'ignore'
[0.261s] Level 1:colcon.colcon_core.package_identification:_identify(src/fsd_common_msgs) by extension 'ignore_ament_install'
[0.261s] Level 1:colcon.colcon_core.package_identification:_identify(src/fsd_common_msgs) by extensions ['ros']
[0.262s] Level 1:colcon.colcon_core.package_identification:_identify(src/fsd_common_msgs) by extension 'ros'
[0.262s] DEBUG:colcon.colcon_core.package_identification:Package 'src/fsd_common_msgs' with type 'ros.ament_cmake' and name 'fsd_common_msgs'
[0.262s] Level 1:colcon.colcon_core.package_discovery:discover_packages(recursive) using defaults
[0.263s] Level 1:colcon.colcon_core.package_discovery:discover_packages(path) discover
[0.263s] Level 1:colcon.colcon_core.package_discovery:discover_packages(path) using defaults
[0.293s] Level 5:colcon.colcon_core.verb:set package 'fsd_common_msgs' build argument 'cmake_args' from command line to 'None'
[0.293s] Level 5:colcon.colcon_core.verb:set package 'fsd_common_msgs' build argument 'cmake_target' from command line to 'None'
[0.293s] Level 5:colcon.colcon_core.verb:set package 'fsd_common_msgs' build argument 'cmake_target_skip_unavailable' from command line to 'False'
[0.293s] Level 5:colcon.colcon_core.verb:set package 'fsd_common_msgs' build argument 'cmake_clean_cache' from command line to 'False'
[0.293s] Level 5:colcon.colcon_core.verb:set package 'fsd_common_msgs' build argument 'cmake_clean_first' from command line to 'False'
[0.293s] Level 5:colcon.colcon_core.verb:set package 'fsd_common_msgs' build argument 'cmake_force_configure' from command line to 'False'
[0.293s] Level 5:colcon.colcon_core.verb:set package 'fsd_common_msgs' build argument 'ament_cmake_args' from command line to 'None'
[0.293s] Level 5:colcon.colcon_core.verb:set package 'fsd_common_msgs' build argument 'catkin_cmake_args' from command line to 'None'
[0.293s] Level 5:colcon.colcon_core.verb:set package 'fsd_common_msgs' build argument 'catkin_skip_building_tests' from command line to 'False'
[0.294s] DEBUG:colcon.colcon_core.verb:Building package 'fsd_common_msgs' with the following arguments: {'ament_cmake_args': None, 'build_base': '/home/yzl/Desktop/ros2_learning-main/ros2_homework_advanced_ws/build/fsd_common_msgs', 'catkin_cmake_args': None, 'catkin_skip_building_tests': False, 'cmake_args': None, 'cmake_clean_cache': False, 'cmake_clean_first': False, 'cmake_force_configure': False, 'cmake_target': None, 'cmake_target_skip_unavailable': False, 'install_base': '/home/yzl/Desktop/ros2_learning-main/ros2_homework_advanced_ws/install/fsd_common_msgs', 'merge_install': False, 'path': '/home/yzl/Desktop/ros2_learning-main/ros2_homework_advanced_ws/src/fsd_common_msgs', 'symlink_install': False, 'test_result_base': None}
[0.294s] Level 5:colcon.colcon_core.verb:set package 'cone_map_visual' build argument 'cmake_args' from command line to 'None'
[0.294s] Level 5:colcon.colcon_core.verb:set package 'cone_map_visual' build argument 'cmake_target' from command line to 'None'
[0.294s] Level 5:colcon.colcon_core.verb:set package 'cone_map_visual' build argument 'cmake_target_skip_unavailable' from command line to 'False'
[0.294s] Level 5:colcon.colcon_core.verb:set package 'cone_map_visual' build argument 'cmake_clean_cache' from command line to 'False'
[0.294s] Level 5:colcon.colcon_core.verb:set package 'cone_map_visual' build argument 'cmake_clean_first' from command line to 'False'
[0.294s] Level 5:colcon.colcon_core.verb:set package 'cone_map_visual' build argument 'cmake_force_configure' from command line to 'False'
[0.294s] Level 5:colcon.colcon_core.verb:set package 'cone_map_visual' build argument 'ament_cmake_args' from command line to 'None'
[0.294s] Level 5:colcon.colcon_core.verb:set package 'cone_map_visual' build argument 'catkin_cmake_args' from command line to 'None'
[0.294s] Level 5:colcon.colcon_core.verb:set package 'cone_map_visual' build argument 'catkin_skip_building_tests' from command line to 'False'
[0.294s] DEBUG:colcon.colcon_core.verb:Building package 'cone_map_visual' with the following arguments: {'ament_cmake_args': None, 'build_base': '/home/yzl/Desktop/ros2_learning-main/ros2_homework_advanced_ws/build/cone_map_visual', 'catkin_cmake_args': None, 'catkin_skip_building_tests': False, 'cmake_args': None, 'cmake_clean_cache': False, 'cmake_clean_first': False, 'cmake_force_configure': False, 'cmake_target': None, 'cmake_target_skip_unavailable': False, 'install_base': '/home/yzl/Desktop/ros2_learning-main/ros2_homework_advanced_ws/install/cone_map_visual', 'merge_install': False, 'path': '/home/yzl/Desktop/ros2_learning-main/ros2_homework_advanced_ws/src/cone_map_visual', 'symlink_install': False, 'test_result_base': None}
[0.294s] INFO:colcon.colcon_core.executor:Executing jobs using 'sequential' executor
[0.295s] DEBUG:colcon.colcon_core.executor.sequential:run_until_complete 'fsd_common_msgs'
[0.295s] INFO:colcon.colcon_ros.task.ament_cmake.build:Building ROS package in '/home/yzl/Desktop/ros2_learning-main/ros2_homework_advanced_ws/src/fsd_common_msgs' with build type 'ament_cmake'
[0.296s] INFO:colcon.colcon_cmake.task.cmake.build:Building CMake package in '/home/yzl/Desktop/ros2_learning-main/ros2_homework_advanced_ws/src/fsd_common_msgs'
[0.296s] INFO:colcon.colcon_core.plugin_system:Skipping extension 'colcon_core.shell.bat': Not used on non-Windows systems
[0.296s] DEBUG:colcon.colcon_core.shell:Skip shell extension 'dsv' for command environment
[0.312s] DEBUG:colcon.colcon_core.event_handler.log_command:Invoking command in '/home/yzl/Desktop/ros2_learning-main/ros2_homework_advanced_ws/build/fsd_common_msgs': CMAKE_PREFIX_PATH=${CMAKE_PREFIX_PATH}:/home/yzl/dev_ws/install/learning_urdf:/home/yzl/dev_ws/install/learning_topic:/home/yzl/dev_ws/install/learning_tf:/home/yzl/dev_ws/install/learning_service:/home/yzl/dev_ws/install/learning_qos:/home/yzl/dev_ws/install/learning_pkg_python:/home/yzl/dev_ws/install/learning_parameter:/home/yzl/dev_ws/install/learning_node:/home/yzl/dev_ws/install/learning_launch:/home/yzl/dev_ws/install/learning_action:/home/yzl/dev_ws/install/learning_gazebo_harmonic:/home/yzl/dev_ws/install/learning_gazebo:/home/yzl/dev_ws/install/learning_cv:/opt/ros/humble /usr/bin/cmake --build /home/yzl/Desktop/ros2_learning-main/ros2_homework_advanced_ws/build/fsd_common_msgs -- -j2 -l2
[2.389s] DEBUG:colcon.colcon_core.event_handler.log_command:Invoked command in '/home/yzl/Desktop/ros2_learning-main/ros2_homework_advanced_ws/build/fsd_common_msgs' returned '0': CMAKE_PREFIX_PATH=${CMAKE_PREFIX_PATH}:/home/yzl/dev_ws/install/learning_urdf:/home/yzl/dev_ws/install/learning_topic:/home/yzl/dev_ws/install/learning_tf:/home/yzl/dev_ws/install/learning_service:/home/yzl/dev_ws/install/learning_qos:/home/yzl/dev_ws/install/learning_pkg_python:/home/yzl/dev_ws/install/learning_parameter:/home/yzl/dev_ws/install/learning_node:/home/yzl/dev_ws/install/learning_launch:/home/yzl/dev_ws/install/learning_action:/home/yzl/dev_ws/install/learning_gazebo_harmonic:/home/yzl/dev_ws/install/learning_gazebo:/home/yzl/dev_ws/install/learning_cv:/opt/ros/humble /usr/bin/cmake --build /home/yzl/Desktop/ros2_learning-main/ros2_homework_advanced_ws/build/fsd_common_msgs -- -j2 -l2
[2.410s] DEBUG:colcon.colcon_core.event_handler.log_command:Invoking command in '/home/yzl/Desktop/ros2_learning-main/ros2_homework_advanced_ws/build/fsd_common_msgs': CMAKE_PREFIX_PATH=${CMAKE_PREFIX_PATH}:/home/yzl/dev_ws/install/learning_urdf:/home/yzl/dev_ws/install/learning_topic:/home/yzl/dev_ws/install/learning_tf:/home/yzl/dev_ws/install/learning_service:/home/yzl/dev_ws/install/learning_qos:/home/yzl/dev_ws/install/learning_pkg_python:/home/yzl/dev_ws/install/learning_parameter:/home/yzl/dev_ws/install/learning_node:/home/yzl/dev_ws/install/learning_launch:/home/yzl/dev_ws/install/learning_action:/home/yzl/dev_ws/install/learning_gazebo_harmonic:/home/yzl/dev_ws/install/learning_gazebo:/home/yzl/dev_ws/install/learning_cv:/opt/ros/humble /usr/bin/cmake --install /home/yzl/Desktop/ros2_learning-main/ros2_homework_advanced_ws/build/fsd_common_msgs
[2.661s] Level 1:colcon.colcon_core.environment:create_environment_scripts_only(fsd_common_msgs)
[2.663s] DEBUG:colcon.colcon_core.event_handler.log_command:Invoked command in '/home/yzl/Desktop/ros2_learning-main/ros2_homework_advanced_ws/build/fsd_common_msgs' returned '0': CMAKE_PREFIX_PATH=${CMAKE_PREFIX_PATH}:/home/yzl/dev_ws/install/learning_urdf:/home/yzl/dev_ws/install/learning_topic:/home/yzl/dev_ws/install/learning_tf:/home/yzl/dev_ws/install/learning_service:/home/yzl/dev_ws/install/learning_qos:/home/yzl/dev_ws/install/learning_pkg_python:/home/yzl/dev_ws/install/learning_parameter:/home/yzl/dev_ws/install/learning_node:/home/yzl/dev_ws/install/learning_launch:/home/yzl/dev_ws/install/learning_action:/home/yzl/dev_ws/install/learning_gazebo_harmonic:/home/yzl/dev_ws/install/learning_gazebo:/home/yzl/dev_ws/install/learning_cv:/opt/ros/humble /usr/bin/cmake --install /home/yzl/Desktop/ros2_learning-main/ros2_homework_advanced_ws/build/fsd_common_msgs
[2.673s] Level 1:colcon.colcon_core.environment:checking '/home/yzl/Desktop/ros2_learning-main/ros2_homework_advanced_ws/install/fsd_common_msgs' for CMake module files
[2.676s] Level 1:colcon.colcon_core.environment:checking '/home/yzl/Desktop/ros2_learning-main/ros2_homework_advanced_ws/install/fsd_common_msgs' for CMake config files
[2.683s] Level 1:colcon.colcon_core.shell:create_environment_hook('fsd_common_msgs', 'cmake_prefix_path')
[2.683s] INFO:colcon.colcon_core.shell:Creating environment descriptor '/home/yzl/Desktop/ros2_learning-main/ros2_homework_advanced_ws/install/fsd_common_msgs/share/fsd_common_msgs/hook/cmake_prefix_path.dsv'
[2.688s] INFO:colcon.colcon_core.shell:Creating environment hook '/home/yzl/Desktop/ros2_learning-main/ros2_homework_advanced_ws/install/fsd_common_msgs/share/fsd_common_msgs/hook/cmake_prefix_path.sh'
[2.693s] Level 1:colcon.colcon_core.environment:checking '/home/yzl/Desktop/ros2_learning-main/ros2_homework_advanced_ws/install/fsd_common_msgs/lib'
[2.693s] Level 1:colcon.colcon_core.shell:create_environment_hook('fsd_common_msgs', 'ld_library_path_lib')
[2.694s] INFO:colcon.colcon_core.shell:Creating environment descriptor '/home/yzl/Desktop/ros2_learning-main/ros2_homework_advanced_ws/install/fsd_common_msgs/share/fsd_common_msgs/hook/ld_library_path_lib.dsv'
[2.696s] INFO:colcon.colcon_core.shell:Creating environment hook '/home/yzl/Desktop/ros2_learning-main/ros2_homework_advanced_ws/install/fsd_common_msgs/share/fsd_common_msgs/hook/ld_library_path_lib.sh'
[2.697s] Level 1:colcon.colcon_core.environment:checking '/home/yzl/Desktop/ros2_learning-main/ros2_homework_advanced_ws/install/fsd_common_msgs/bin'
[2.697s] Level 1:colcon.colcon_core.environment:checking '/home/yzl/Desktop/ros2_learning-main/ros2_homework_advanced_ws/install/fsd_common_msgs/lib/pkgconfig/fsd_common_msgs.pc'
[2.699s] Level 1:colcon.colcon_core.environment:checking '/home/yzl/Desktop/ros2_learning-main/ros2_homework_advanced_ws/install/fsd_common_msgs/lib/python3.10/site-packages'
[2.699s] Level 1:colcon.colcon_core.environment:checking '/home/yzl/Desktop/ros2_learning-main/ros2_homework_advanced_ws/install/fsd_common_msgs/bin'
[2.699s] INFO:colcon.colcon_core.shell:Creating package descriptor '/home/yzl/Desktop/ros2_learning-main/ros2_homework_advanced_ws/install/fsd_common_msgs/share/fsd_common_msgs/package.dsv'
[2.702s] INFO:colcon.colcon_core.shell:Creating package script '/home/yzl/Desktop/ros2_learning-main/ros2_homework_advanced_ws/install/fsd_common_msgs/share/fsd_common_msgs/package.sh'
[2.705s] Level 1:colcon.colcon_core.environment:create_file_with_runtime_dependencies(/home/yzl/Desktop/ros2_learning-main/ros2_homework_advanced_ws/install/fsd_common_msgs/share/colcon-core/packages/fsd_common_msgs)
[2.707s] Level 1:colcon.colcon_core.environment:create_environment_scripts_only(fsd_common_msgs)
[2.707s] Level 1:colcon.colcon_core.environment:checking '/home/yzl/Desktop/ros2_learning-main/ros2_homework_advanced_ws/install/fsd_common_msgs' for CMake module files
[2.708s] Level 1:colcon.colcon_core.environment:checking '/home/yzl/Desktop/ros2_learning-main/ros2_homework_advanced_ws/install/fsd_common_msgs' for CMake config files
[2.711s] Level 1:colcon.colcon_core.shell:create_environment_hook('fsd_common_msgs', 'cmake_prefix_path')
[2.712s] INFO:colcon.colcon_core.shell:Creating environment descriptor '/home/yzl/Desktop/ros2_learning-main/ros2_homework_advanced_ws/install/fsd_common_msgs/share/fsd_common_msgs/hook/cmake_prefix_path.dsv'
[2.713s] INFO:colcon.colcon_core.shell:Creating environment hook '/home/yzl/Desktop/ros2_learning-main/ros2_homework_advanced_ws/install/fsd_common_msgs/share/fsd_common_msgs/hook/cmake_prefix_path.sh'
[2.715s] Level 1:colcon.colcon_core.environment:checking '/home/yzl/Desktop/ros2_learning-main/ros2_homework_advanced_ws/install/fsd_common_msgs/lib'
[2.716s] Level 1:colcon.colcon_core.shell:create_environment_hook('fsd_common_msgs', 'ld_library_path_lib')
[2.718s] INFO:colcon.colcon_core.shell:Creating environment descriptor '/home/yzl/Desktop/ros2_learning-main/ros2_homework_advanced_ws/install/fsd_common_msgs/share/fsd_common_msgs/hook/ld_library_path_lib.dsv'
[2.718s] INFO:colcon.colcon_core.shell:Creating environment hook '/home/yzl/Desktop/ros2_learning-main/ros2_homework_advanced_ws/install/fsd_common_msgs/share/fsd_common_msgs/hook/ld_library_path_lib.sh'
[2.719s] Level 1:colcon.colcon_core.environment:checking '/home/yzl/Desktop/ros2_learning-main/ros2_homework_advanced_ws/install/fsd_common_msgs/bin'
[2.719s] Level 1:colcon.colcon_core.environment:checking '/home/yzl/Desktop/ros2_learning-main/ros2_homework_advanced_ws/install/fsd_common_msgs/lib/pkgconfig/fsd_common_msgs.pc'
[2.719s] Level 1:colcon.colcon_core.environment:checking '/home/yzl/Desktop/ros2_learning-main/ros2_homework_advanced_ws/install/fsd_common_msgs/lib/python3.10/site-packages'
[2.720s] Level 1:colcon.colcon_core.environment:checking '/home/yzl/Desktop/ros2_learning-main/ros2_homework_advanced_ws/install/fsd_common_msgs/bin'
[2.720s] INFO:colcon.colcon_core.shell:Creating package descriptor '/home/yzl/Desktop/ros2_learning-main/ros2_homework_advanced_ws/install/fsd_common_msgs/share/fsd_common_msgs/package.dsv'
[2.722s] INFO:colcon.colcon_core.shell:Creating package script '/home/yzl/Desktop/ros2_learning-main/ros2_homework_advanced_ws/install/fsd_common_msgs/share/fsd_common_msgs/package.sh'
[2.722s] Level 1:colcon.colcon_core.environment:create_file_with_runtime_dependencies(/home/yzl/Desktop/ros2_learning-main/ros2_homework_advanced_ws/install/fsd_common_msgs/share/colcon-core/packages/fsd_common_msgs)
[2.723s] DEBUG:colcon.colcon_core.executor.sequential:run_until_complete 'fsd_common_msgs' finished with '0'
[2.723s] DEBUG:colcon.colcon_core.executor.sequential:run_until_complete 'cone_map_visual'
[2.723s] INFO:colcon.colcon_ros.task.ament_cmake.build:Building ROS package in '/home/yzl/Desktop/ros2_learning-main/ros2_homework_advanced_ws/src/cone_map_visual' with build type 'ament_cmake'
[2.723s] INFO:colcon.colcon_cmake.task.cmake.build:Building CMake package in '/home/yzl/Desktop/ros2_learning-main/ros2_homework_advanced_ws/src/cone_map_visual'
[2.723s] DEBUG:colcon.colcon_core.shell:Skip shell extension 'dsv' for command environment
[2.765s] DEBUG:colcon.colcon_core.event_handler.log_command:Invoking command in '/home/yzl/Desktop/ros2_learning-main/ros2_homework_advanced_ws/build/cone_map_visual': AMENT_PREFIX_PATH=/home/yzl/Desktop/ros2_learning-main/ros2_homework_advanced_ws/install/fsd_common_msgs:${AMENT_PREFIX_PATH} CMAKE_PREFIX_PATH=/home/yzl/Desktop/ros2_learning-main/ros2_homework_advanced_ws/install/fsd_common_msgs:/home/yzl/dev_ws/install/learning_topic_cpp:/home/yzl/dev_ws/install/learning_tf_cpp:/home/yzl/dev_ws/install/learning_service_cpp:/home/yzl/dev_ws/install/learning_pkg_c:/home/yzl/dev_ws/install/learning_parameter_cpp:/home/yzl/dev_ws/install/learning_node_cpp:/home/yzl/dev_ws/install/learning_action_cpp:/home/yzl/dev_ws/install/learning_interface:/home/yzl/dev_ws/install/learning_urdf:/home/yzl/dev_ws/install/learning_topic:/home/yzl/dev_ws/install/learning_tf:/home/yzl/dev_ws/install/learning_service:/home/yzl/dev_ws/install/learning_qos:/home/yzl/dev_ws/install/learning_pkg_python:/home/yzl/dev_ws/install/learning_parameter:/home/yzl/dev_ws/install/learning_node:/home/yzl/dev_ws/install/learning_launch:/home/yzl/dev_ws/install/learning_action:/home/yzl/dev_ws/install/learning_gazebo_harmonic:/home/yzl/dev_ws/install/learning_gazebo:/home/yzl/dev_ws/install/learning_cv:/opt/ros/humble LD_LIBRARY_PATH=/home/yzl/Desktop/ros2_learning-main/ros2_homework_advanced_ws/install/fsd_common_msgs/lib:${LD_LIBRARY_PATH} PYTHONPATH=/home/yzl/Desktop/ros2_learning-main/ros2_homework_advanced_ws/install/fsd_common_msgs/local/lib/python3.10/dist-packages:${PYTHONPATH} /usr/bin/cmake /home/yzl/Desktop/ros2_learning-main/ros2_homework_advanced_ws/src/cone_map_visual -DCMAKE_INSTALL_PREFIX=/home/yzl/Desktop/ros2_learning-main/ros2_homework_advanced_ws/install/cone_map_visual
[3.642s] DEBUG:colcon.colcon_core.event_handler.log_command:Invoked command in '/home/yzl/Desktop/ros2_learning-main/ros2_homework_advanced_ws/build/cone_map_visual' returned '1': AMENT_PREFIX_PATH=/home/yzl/Desktop/ros2_learning-main/ros2_homework_advanced_ws/install/fsd_common_msgs:${AMENT_PREFIX_PATH} CMAKE_PREFIX_PATH=/home/yzl/Desktop/ros2_learning-main/ros2_homework_advanced_ws/install/fsd_common_msgs:/home/yzl/dev_ws/install/learning_topic_cpp:/home/yzl/dev_ws/install/learning_tf_cpp:/home/yzl/dev_ws/install/learning_service_cpp:/home/yzl/dev_ws/install/learning_pkg_c:/home/yzl/dev_ws/install/learning_parameter_cpp:/home/yzl/dev_ws/install/learning_node_cpp:/home/yzl/dev_ws/install/learning_action_cpp:/home/yzl/dev_ws/install/learning_interface:/home/yzl/dev_ws/install/learning_urdf:/home/yzl/dev_ws/install/learning_topic:/home/yzl/dev_ws/install/learning_tf:/home/yzl/dev_ws/install/learning_service:/home/yzl/dev_ws/install/learning_qos:/home/yzl/dev_ws/install/learning_pkg_python:/home/yzl/dev_ws/install/learning_parameter:/home/yzl/dev_ws/install/learning_node:/home/yzl/dev_ws/install/learning_launch:/home/yzl/dev_ws/install/learning_action:/home/yzl/dev_ws/install/learning_gazebo_harmonic:/home/yzl/dev_ws/install/learning_gazebo:/home/yzl/dev_ws/install/learning_cv:/opt/ros/humble LD_LIBRARY_PATH=/home/yzl/Desktop/ros2_learning-main/ros2_homework_advanced_ws/install/fsd_common_msgs/lib:${LD_LIBRARY_PATH} PYTHONPATH=/home/yzl/Desktop/ros2_learning-main/ros2_homework_advanced_ws/install/fsd_common_msgs/local/lib/python3.10/dist-packages:${PYTHONPATH} /usr/bin/cmake /home/yzl/Desktop/ros2_learning-main/ros2_homework_advanced_ws/src/cone_map_visual -DCMAKE_INSTALL_PREFIX=/home/yzl/Desktop/ros2_learning-main/ros2_homework_advanced_ws/install/cone_map_visual
[3.678s] Level 1:colcon.colcon_core.environment:create_environment_scripts_only(cone_map_visual)
[3.678s] Level 1:colcon.colcon_core.environment:checking '/home/yzl/Desktop/ros2_learning-main/ros2_homework_advanced_ws/install/cone_map_visual' for CMake module files
[3.679s] Level 1:colcon.colcon_core.environment:checking '/home/yzl/Desktop/ros2_learning-main/ros2_homework_advanced_ws/install/cone_map_visual' for CMake config files
[3.679s] Level 1:colcon.colcon_core.environment:checking '/home/yzl/Desktop/ros2_learning-main/ros2_homework_advanced_ws/install/cone_map_visual/bin'
[3.679s] Level 1:colcon.colcon_core.environment:checking '/home/yzl/Desktop/ros2_learning-main/ros2_homework_advanced_ws/install/cone_map_visual/lib/pkgconfig/cone_map_visual.pc'
[3.679s] Level 1:colcon.colcon_core.environment:checking '/home/yzl/Desktop/ros2_learning-main/ros2_homework_advanced_ws/install/cone_map_visual/lib/python3.10/site-packages'
[3.679s] Level 1:colcon.colcon_core.environment:checking '/home/yzl/Desktop/ros2_learning-main/ros2_homework_advanced_ws/install/cone_map_visual/bin'
[3.680s] INFO:colcon.colcon_core.shell:Creating package descriptor '/home/yzl/Desktop/ros2_learning-main/ros2_homework_advanced_ws/install/cone_map_visual/share/cone_map_visual/package.dsv'
[3.683s] INFO:colcon.colcon_core.shell:Creating package script '/home/yzl/Desktop/ros2_learning-main/ros2_homework_advanced_ws/install/cone_map_visual/share/cone_map_visual/package.sh'
[3.683s] Level 1:colcon.colcon_core.environment:create_file_with_runtime_dependencies(/home/yzl/Desktop/ros2_learning-main/ros2_homework_advanced_ws/install/cone_map_visual/share/colcon-core/packages/cone_map_visual)
[3.685s] DEBUG:colcon.colcon_core.executor.sequential:run_until_complete 'cone_map_visual' finished with '1'
[3.685s] DEBUG:colcon.colcon_core.executor.sequential:closing loop
[3.685s] DEBUG:colcon.colcon_core.executor.sequential:loop closed
[3.686s] DEBUG:colcon.colcon_core.event_reactor:joining thread
[3.686s] DEBUG:colcon.colcon_core.event_reactor:joined thread
[3.686s] INFO:colcon.colcon_core.shell:Creating prefix script '/home/yzl/Desktop/ros2_learning-main/ros2_homework_advanced_ws/install/local_setup.sh'
[3.687s] INFO:colcon.colcon_core.shell:Creating prefix util module '/home/yzl/Desktop/ros2_learning-main/ros2_homework_advanced_ws/install/_local_setup_util_sh.py'
[3.690s] INFO:colcon.colcon_core.shell:Creating prefix chain script '/home/yzl/Desktop/ros2_learning-main/ros2_homework_advanced_ws/install/setup.sh'
