[0.091s] DEBUG:colcon:Command line arguments: ['/usr/bin/colcon', 'build']
[0.091s] DEBUG:colcon:Parsed command line arguments: Namespace(log_base=None, log_level=None, verb_name='build', build_base='build', install_base='install', merge_install=False, symlink_install=False, test_result_base=None, continue_on_error=False, executor='sequential', event_handlers=None, base_paths=['.'], paths=None, cmake_args=None, cmake_target=None, cmake_target_skip_unavailable=False, cmake_clean_cache=False, cmake_clean_first=False, cmake_force_configure=False, ament_cmake_args=None, catkin_cmake_args=None, catkin_skip_building_tests=False, verb_parser=CustomArgumentParser(prog='colcon build', usage=None, description='Build a set of packages.', formatter_class=<class 'colcon_core.command.CustomFormatter'>, conflict_handler='error', add_help=True), verb_extension=<colcon_core.verb.build.BuildVerb object at 0x72a539be07c0>, main=<bound method BuildVerb.main of <colcon_core.verb.build.BuildVerb object at 0x72a539be07c0>>)
[0.619s] Level 1:colcon.colcon_core.package_discovery:discover_packages(recursive) check parameters
[0.619s] Level 1:colcon.colcon_core.package_discovery:discover_packages(path) check parameters
[0.619s] Level 1:colcon.colcon_core.package_discovery:discover_packages(recursive) discover
[0.619s] INFO:colcon.colcon_core.package_discovery:Crawling recursively for packages in '/home/yzl/Desktop/ros2_learning-main/ros2_homework_basic_ws'
[0.619s] Level 1:colcon.colcon_core.package_identification:_identify(.) by extensions ['ignore', 'ignore_ament_install']
[0.619s] Level 1:colcon.colcon_core.package_identification:_identify(.) by extension 'ignore'
[0.619s] Level 1:colcon.colcon_core.package_identification:_identify(.) by extension 'ignore_ament_install'
[0.619s] Level 1:colcon.colcon_core.package_identification:_identify(.) by extensions ['ros']
[0.619s] Level 1:colcon.colcon_core.package_identification:_identify(.) by extension 'ros'
[0.723s] Level 1:colcon.colcon_core.package_identification:_identify(.) by extensions ['cmake', 'python']
[0.723s] Level 1:colcon.colcon_core.package_identification:_identify(.) by extension 'cmake'
[0.723s] Level 1:colcon.colcon_core.package_identification:_identify(.) by extension 'python'
[0.723s] Level 1:colcon.colcon_core.package_identification:_identify(.) by extensions ['python_setup_py']
[0.723s] Level 1:colcon.colcon_core.package_identification:_identify(.) by extension 'python_setup_py'
[0.723s] Level 1:colcon.colcon_core.package_identification:_identify(build) by extensions ['ignore', 'ignore_ament_install']
[0.723s] Level 1:colcon.colcon_core.package_identification:_identify(build) by extension 'ignore'
[0.723s] Level 1:colcon.colcon_core.package_identification:_identify(build) ignored
[0.724s] Level 1:colcon.colcon_core.package_identification:_identify(install) by extensions ['ignore', 'ignore_ament_install']
[0.724s] Level 1:colcon.colcon_core.package_identification:_identify(install) by extension 'ignore'
[0.725s] Level 1:colcon.colcon_core.package_identification:_identify(install) ignored
[0.725s] Level 1:colcon.colcon_core.package_identification:_identify(log) by extensions ['ignore', 'ignore_ament_install']
[0.725s] Level 1:colcon.colcon_core.package_identification:_identify(log) by extension 'ignore'
[0.725s] Level 1:colcon.colcon_core.package_identification:_identify(log) ignored
[0.725s] Level 1:colcon.colcon_core.package_identification:_identify(src) by extensions ['ignore', 'ignore_ament_install']
[0.725s] Level 1:colcon.colcon_core.package_identification:_identify(src) by extension 'ignore'
[0.725s] Level 1:colcon.colcon_core.package_identification:_identify(src) by extension 'ignore_ament_install'
[0.725s] Level 1:colcon.colcon_core.package_identification:_identify(src) by extensions ['ros']
[0.725s] Level 1:colcon.colcon_core.package_identification:_identify(src) by extension 'ros'
[0.725s] Level 1:colcon.colcon_core.package_identification:_identify(src) by extensions ['cmake', 'python']
[0.725s] Level 1:colcon.colcon_core.package_identification:_identify(src) by extension 'cmake'
[0.725s] Level 1:colcon.colcon_core.package_identification:_identify(src) by extension 'python'
[0.725s] Level 1:colcon.colcon_core.package_identification:_identify(src) by extensions ['python_setup_py']
[0.725s] Level 1:colcon.colcon_core.package_identification:_identify(src) by extension 'python_setup_py'
[0.726s] Level 1:colcon.colcon_core.package_identification:_identify(src/ros2_homework_basic_package) by extensions ['ignore', 'ignore_ament_install']
[0.726s] Level 1:colcon.colcon_core.package_identification:_identify(src/ros2_homework_basic_package) by extension 'ignore'
[0.726s] Level 1:colcon.colcon_core.package_identification:_identify(src/ros2_homework_basic_package) by extension 'ignore_ament_install'
[0.726s] Level 1:colcon.colcon_core.package_identification:_identify(src/ros2_homework_basic_package) by extensions ['ros']
[0.726s] Level 1:colcon.colcon_core.package_identification:_identify(src/ros2_homework_basic_package) by extension 'ros'
[0.737s] DEBUG:colcon.colcon_core.package_identification:Package 'src/ros2_homework_basic_package' with type 'ros.ament_cmake' and name 'ros2_homework_basic_package'
[0.737s] Level 1:colcon.colcon_core.package_discovery:discover_packages(recursive) using defaults
[0.737s] Level 1:colcon.colcon_core.package_discovery:discover_packages(path) discover
[0.737s] Level 1:colcon.colcon_core.package_discovery:discover_packages(path) using defaults
[0.807s] Level 5:colcon.colcon_core.verb:set package 'ros2_homework_basic_package' build argument 'cmake_args' from command line to 'None'
[0.807s] Level 5:colcon.colcon_core.verb:set package 'ros2_homework_basic_package' build argument 'cmake_target' from command line to 'None'
[0.807s] Level 5:colcon.colcon_core.verb:set package 'ros2_homework_basic_package' build argument 'cmake_target_skip_unavailable' from command line to 'False'
[0.807s] Level 5:colcon.colcon_core.verb:set package 'ros2_homework_basic_package' build argument 'cmake_clean_cache' from command line to 'False'
[0.807s] Level 5:colcon.colcon_core.verb:set package 'ros2_homework_basic_package' build argument 'cmake_clean_first' from command line to 'False'
[0.807s] Level 5:colcon.colcon_core.verb:set package 'ros2_homework_basic_package' build argument 'cmake_force_configure' from command line to 'False'
[0.807s] Level 5:colcon.colcon_core.verb:set package 'ros2_homework_basic_package' build argument 'ament_cmake_args' from command line to 'None'
[0.807s] Level 5:colcon.colcon_core.verb:set package 'ros2_homework_basic_package' build argument 'catkin_cmake_args' from command line to 'None'
[0.807s] Level 5:colcon.colcon_core.verb:set package 'ros2_homework_basic_package' build argument 'catkin_skip_building_tests' from command line to 'False'
[0.807s] DEBUG:colcon.colcon_core.verb:Building package 'ros2_homework_basic_package' with the following arguments: {'ament_cmake_args': None, 'build_base': '/home/yzl/Desktop/ros2_learning-main/ros2_homework_basic_ws/build/ros2_homework_basic_package', 'catkin_cmake_args': None, 'catkin_skip_building_tests': False, 'cmake_args': None, 'cmake_clean_cache': False, 'cmake_clean_first': False, 'cmake_force_configure': False, 'cmake_target': None, 'cmake_target_skip_unavailable': False, 'install_base': '/home/yzl/Desktop/ros2_learning-main/ros2_homework_basic_ws/install/ros2_homework_basic_package', 'merge_install': False, 'path': '/home/yzl/Desktop/ros2_learning-main/ros2_homework_basic_ws/src/ros2_homework_basic_package', 'symlink_install': False, 'test_result_base': None}
[0.808s] INFO:colcon.colcon_core.executor:Executing jobs using 'sequential' executor
[0.808s] DEBUG:colcon.colcon_core.executor.sequential:run_until_complete 'ros2_homework_basic_package'
[0.809s] INFO:colcon.colcon_ros.task.ament_cmake.build:Building ROS package in '/home/yzl/Desktop/ros2_learning-main/ros2_homework_basic_ws/src/ros2_homework_basic_package' with build type 'ament_cmake'
[0.809s] INFO:colcon.colcon_cmake.task.cmake.build:Building CMake package in '/home/yzl/Desktop/ros2_learning-main/ros2_homework_basic_ws/src/ros2_homework_basic_package'
[0.811s] INFO:colcon.colcon_core.plugin_system:Skipping extension 'colcon_core.shell.bat': Not used on non-Windows systems
[0.811s] DEBUG:colcon.colcon_core.shell:Skip shell extension 'dsv' for command environment
[0.838s] DEBUG:colcon.colcon_core.event_handler.log_command:Invoking command in '/home/yzl/Desktop/ros2_learning-main/ros2_homework_basic_ws/build/ros2_homework_basic_package': CMAKE_PREFIX_PATH=${CMAKE_PREFIX_PATH}:/home/yzl/dev_ws/install/learning_urdf:/home/yzl/dev_ws/install/learning_topic:/home/yzl/dev_ws/install/learning_tf:/home/yzl/dev_ws/install/learning_service:/home/yzl/dev_ws/install/learning_qos:/home/yzl/dev_ws/install/learning_pkg_python:/home/yzl/dev_ws/install/learning_parameter:/home/yzl/dev_ws/install/learning_node:/home/yzl/dev_ws/install/learning_launch:/home/yzl/dev_ws/install/learning_action:/home/yzl/dev_ws/install/learning_gazebo_harmonic:/home/yzl/dev_ws/install/learning_gazebo:/home/yzl/dev_ws/install/learning_cv:/opt/ros/humble /usr/bin/cmake /home/yzl/Desktop/ros2_learning-main/ros2_homework_basic_ws/src/ros2_homework_basic_package -DCMAKE_INSTALL_PREFIX=/home/yzl/Desktop/ros2_learning-main/ros2_homework_basic_ws/install/ros2_homework_basic_package
[4.198s] DEBUG:colcon.colcon_core.event_handler.log_command:Invoked command in '/home/yzl/Desktop/ros2_learning-main/ros2_homework_basic_ws/build/ros2_homework_basic_package' returned '0': CMAKE_PREFIX_PATH=${CMAKE_PREFIX_PATH}:/home/yzl/dev_ws/install/learning_urdf:/home/yzl/dev_ws/install/learning_topic:/home/yzl/dev_ws/install/learning_tf:/home/yzl/dev_ws/install/learning_service:/home/yzl/dev_ws/install/learning_qos:/home/yzl/dev_ws/install/learning_pkg_python:/home/yzl/dev_ws/install/learning_parameter:/home/yzl/dev_ws/install/learning_node:/home/yzl/dev_ws/install/learning_launch:/home/yzl/dev_ws/install/learning_action:/home/yzl/dev_ws/install/learning_gazebo_harmonic:/home/yzl/dev_ws/install/learning_gazebo:/home/yzl/dev_ws/install/learning_cv:/opt/ros/humble /usr/bin/cmake /home/yzl/Desktop/ros2_learning-main/ros2_homework_basic_ws/src/ros2_homework_basic_package -DCMAKE_INSTALL_PREFIX=/home/yzl/Desktop/ros2_learning-main/ros2_homework_basic_ws/install/ros2_homework_basic_package
[4.198s] DEBUG:colcon.colcon_core.event_handler.log_command:Invoking command in '/home/yzl/Desktop/ros2_learning-main/ros2_homework_basic_ws/build/ros2_homework_basic_package': CMAKE_PREFIX_PATH=${CMAKE_PREFIX_PATH}:/home/yzl/dev_ws/install/learning_urdf:/home/yzl/dev_ws/install/learning_topic:/home/yzl/dev_ws/install/learning_tf:/home/yzl/dev_ws/install/learning_service:/home/yzl/dev_ws/install/learning_qos:/home/yzl/dev_ws/install/learning_pkg_python:/home/yzl/dev_ws/install/learning_parameter:/home/yzl/dev_ws/install/learning_node:/home/yzl/dev_ws/install/learning_launch:/home/yzl/dev_ws/install/learning_action:/home/yzl/dev_ws/install/learning_gazebo_harmonic:/home/yzl/dev_ws/install/learning_gazebo:/home/yzl/dev_ws/install/learning_cv:/opt/ros/humble /usr/bin/cmake --build /home/yzl/Desktop/ros2_learning-main/ros2_homework_basic_ws/build/ros2_homework_basic_package -- -j2 -l2
[13.074s] DEBUG:colcon.colcon_core.event_handler.log_command:Invoked command in '/home/yzl/Desktop/ros2_learning-main/ros2_homework_basic_ws/build/ros2_homework_basic_package' returned '0': CMAKE_PREFIX_PATH=${CMAKE_PREFIX_PATH}:/home/yzl/dev_ws/install/learning_urdf:/home/yzl/dev_ws/install/learning_topic:/home/yzl/dev_ws/install/learning_tf:/home/yzl/dev_ws/install/learning_service:/home/yzl/dev_ws/install/learning_qos:/home/yzl/dev_ws/install/learning_pkg_python:/home/yzl/dev_ws/install/learning_parameter:/home/yzl/dev_ws/install/learning_node:/home/yzl/dev_ws/install/learning_launch:/home/yzl/dev_ws/install/learning_action:/home/yzl/dev_ws/install/learning_gazebo_harmonic:/home/yzl/dev_ws/install/learning_gazebo:/home/yzl/dev_ws/install/learning_cv:/opt/ros/humble /usr/bin/cmake --build /home/yzl/Desktop/ros2_learning-main/ros2_homework_basic_ws/build/ros2_homework_basic_package -- -j2 -l2
[13.087s] DEBUG:colcon.colcon_core.event_handler.log_command:Invoking command in '/home/yzl/Desktop/ros2_learning-main/ros2_homework_basic_ws/build/ros2_homework_basic_package': CMAKE_PREFIX_PATH=${CMAKE_PREFIX_PATH}:/home/yzl/dev_ws/install/learning_urdf:/home/yzl/dev_ws/install/learning_topic:/home/yzl/dev_ws/install/learning_tf:/home/yzl/dev_ws/install/learning_service:/home/yzl/dev_ws/install/learning_qos:/home/yzl/dev_ws/install/learning_pkg_python:/home/yzl/dev_ws/install/learning_parameter:/home/yzl/dev_ws/install/learning_node:/home/yzl/dev_ws/install/learning_launch:/home/yzl/dev_ws/install/learning_action:/home/yzl/dev_ws/install/learning_gazebo_harmonic:/home/yzl/dev_ws/install/learning_gazebo:/home/yzl/dev_ws/install/learning_cv:/opt/ros/humble /usr/bin/cmake --install /home/yzl/Desktop/ros2_learning-main/ros2_homework_basic_ws/build/ros2_homework_basic_package
[13.126s] Level 1:colcon.colcon_core.environment:create_environment_scripts_only(ros2_homework_basic_package)
[13.129s] DEBUG:colcon.colcon_core.event_handler.log_command:Invoked command in '/home/yzl/Desktop/ros2_learning-main/ros2_homework_basic_ws/build/ros2_homework_basic_package' returned '0': CMAKE_PREFIX_PATH=${CMAKE_PREFIX_PATH}:/home/yzl/dev_ws/install/learning_urdf:/home/yzl/dev_ws/install/learning_topic:/home/yzl/dev_ws/install/learning_tf:/home/yzl/dev_ws/install/learning_service:/home/yzl/dev_ws/install/learning_qos:/home/yzl/dev_ws/install/learning_pkg_python:/home/yzl/dev_ws/install/learning_parameter:/home/yzl/dev_ws/install/learning_node:/home/yzl/dev_ws/install/learning_launch:/home/yzl/dev_ws/install/learning_action:/home/yzl/dev_ws/install/learning_gazebo_harmonic:/home/yzl/dev_ws/install/learning_gazebo:/home/yzl/dev_ws/install/learning_cv:/opt/ros/humble /usr/bin/cmake --install /home/yzl/Desktop/ros2_learning-main/ros2_homework_basic_ws/build/ros2_homework_basic_package
[13.138s] Level 1:colcon.colcon_core.environment:checking '/home/yzl/Desktop/ros2_learning-main/ros2_homework_basic_ws/install/ros2_homework_basic_package' for CMake module files
[13.139s] Level 1:colcon.colcon_core.environment:checking '/home/yzl/Desktop/ros2_learning-main/ros2_homework_basic_ws/install/ros2_homework_basic_package' for CMake config files
[13.139s] Level 1:colcon.colcon_core.shell:create_environment_hook('ros2_homework_basic_package', 'cmake_prefix_path')
[13.140s] INFO:colcon.colcon_core.shell:Creating environment descriptor '/home/yzl/Desktop/ros2_learning-main/ros2_homework_basic_ws/install/ros2_homework_basic_package/share/ros2_homework_basic_package/hook/cmake_prefix_path.dsv'
[13.141s] INFO:colcon.colcon_core.shell:Creating environment hook '/home/yzl/Desktop/ros2_learning-main/ros2_homework_basic_ws/install/ros2_homework_basic_package/share/ros2_homework_basic_package/hook/cmake_prefix_path.sh'
[13.143s] Level 1:colcon.colcon_core.environment:checking '/home/yzl/Desktop/ros2_learning-main/ros2_homework_basic_ws/install/ros2_homework_basic_package/lib'
[13.143s] Level 1:colcon.colcon_core.environment:checking '/home/yzl/Desktop/ros2_learning-main/ros2_homework_basic_ws/install/ros2_homework_basic_package/bin'
[13.143s] Level 1:colcon.colcon_core.environment:checking '/home/yzl/Desktop/ros2_learning-main/ros2_homework_basic_ws/install/ros2_homework_basic_package/lib/pkgconfig/ros2_homework_basic_package.pc'
[13.145s] Level 1:colcon.colcon_core.environment:checking '/home/yzl/Desktop/ros2_learning-main/ros2_homework_basic_ws/install/ros2_homework_basic_package/lib/python3.10/site-packages'
[13.145s] Level 1:colcon.colcon_core.environment:checking '/home/yzl/Desktop/ros2_learning-main/ros2_homework_basic_ws/install/ros2_homework_basic_package/bin'
[13.146s] INFO:colcon.colcon_core.shell:Creating package descriptor '/home/yzl/Desktop/ros2_learning-main/ros2_homework_basic_ws/install/ros2_homework_basic_package/share/ros2_homework_basic_package/package.dsv'
[13.148s] INFO:colcon.colcon_core.shell:Creating package script '/home/yzl/Desktop/ros2_learning-main/ros2_homework_basic_ws/install/ros2_homework_basic_package/share/ros2_homework_basic_package/package.sh'
[13.149s] Level 1:colcon.colcon_core.environment:create_file_with_runtime_dependencies(/home/yzl/Desktop/ros2_learning-main/ros2_homework_basic_ws/install/ros2_homework_basic_package/share/colcon-core/packages/ros2_homework_basic_package)
[13.150s] Level 1:colcon.colcon_core.environment:create_environment_scripts_only(ros2_homework_basic_package)
[13.151s] Level 1:colcon.colcon_core.environment:checking '/home/yzl/Desktop/ros2_learning-main/ros2_homework_basic_ws/install/ros2_homework_basic_package' for CMake module files
[13.151s] Level 1:colcon.colcon_core.environment:checking '/home/yzl/Desktop/ros2_learning-main/ros2_homework_basic_ws/install/ros2_homework_basic_package' for CMake config files
[13.152s] Level 1:colcon.colcon_core.shell:create_environment_hook('ros2_homework_basic_package', 'cmake_prefix_path')
[13.152s] INFO:colcon.colcon_core.shell:Creating environment descriptor '/home/yzl/Desktop/ros2_learning-main/ros2_homework_basic_ws/install/ros2_homework_basic_package/share/ros2_homework_basic_package/hook/cmake_prefix_path.dsv'
[13.152s] INFO:colcon.colcon_core.shell:Creating environment hook '/home/yzl/Desktop/ros2_learning-main/ros2_homework_basic_ws/install/ros2_homework_basic_package/share/ros2_homework_basic_package/hook/cmake_prefix_path.sh'
[13.153s] Level 1:colcon.colcon_core.environment:checking '/home/yzl/Desktop/ros2_learning-main/ros2_homework_basic_ws/install/ros2_homework_basic_package/lib'
[13.154s] Level 1:colcon.colcon_core.environment:checking '/home/yzl/Desktop/ros2_learning-main/ros2_homework_basic_ws/install/ros2_homework_basic_package/bin'
[13.154s] Level 1:colcon.colcon_core.environment:checking '/home/yzl/Desktop/ros2_learning-main/ros2_homework_basic_ws/install/ros2_homework_basic_package/lib/pkgconfig/ros2_homework_basic_package.pc'
[13.154s] Level 1:colcon.colcon_core.environment:checking '/home/yzl/Desktop/ros2_learning-main/ros2_homework_basic_ws/install/ros2_homework_basic_package/lib/python3.10/site-packages'
[13.154s] Level 1:colcon.colcon_core.environment:checking '/home/yzl/Desktop/ros2_learning-main/ros2_homework_basic_ws/install/ros2_homework_basic_package/bin'
[13.154s] INFO:colcon.colcon_core.shell:Creating package descriptor '/home/yzl/Desktop/ros2_learning-main/ros2_homework_basic_ws/install/ros2_homework_basic_package/share/ros2_homework_basic_package/package.dsv'
[13.155s] INFO:colcon.colcon_core.shell:Creating package script '/home/yzl/Desktop/ros2_learning-main/ros2_homework_basic_ws/install/ros2_homework_basic_package/share/ros2_homework_basic_package/package.sh'
[13.156s] Level 1:colcon.colcon_core.environment:create_file_with_runtime_dependencies(/home/yzl/Desktop/ros2_learning-main/ros2_homework_basic_ws/install/ros2_homework_basic_package/share/colcon-core/packages/ros2_homework_basic_package)
[13.156s] DEBUG:colcon.colcon_core.executor.sequential:run_until_complete 'ros2_homework_basic_package' finished with '0'
[13.156s] DEBUG:colcon.colcon_core.executor.sequential:closing loop
[13.156s] DEBUG:colcon.colcon_core.executor.sequential:loop closed
[13.156s] DEBUG:colcon.colcon_core.event_reactor:joining thread
[13.157s] DEBUG:colcon.colcon_core.event_reactor:joined thread
[13.157s] INFO:colcon.colcon_core.shell:Creating prefix script '/home/yzl/Desktop/ros2_learning-main/ros2_homework_basic_ws/install/local_setup.sh'
[13.159s] INFO:colcon.colcon_core.shell:Creating prefix util module '/home/yzl/Desktop/ros2_learning-main/ros2_homework_basic_ws/install/_local_setup_util_sh.py'
[13.160s] INFO:colcon.colcon_core.shell:Creating prefix chain script '/home/yzl/Desktop/ros2_learning-main/ros2_homework_basic_ws/install/setup.sh'
