[0.071s] DEBUG:colcon:Command line arguments: ['/usr/bin/colcon', 'build']
[0.071s] DEBUG:colcon:Parsed command line arguments: Namespace(log_base=None, log_level=None, verb_name='build', build_base='build', install_base='install', merge_install=False, symlink_install=False, test_result_base=None, continue_on_error=False, executor='sequential', event_handlers=None, base_paths=['.'], paths=None, cmake_args=None, cmake_target=None, cmake_target_skip_unavailable=False, cmake_clean_cache=False, cmake_clean_first=False, cmake_force_configure=False, ament_cmake_args=None, catkin_cmake_args=None, catkin_skip_building_tests=False, verb_parser=CustomArgumentParser(prog='colcon build', usage=None, description='Build a set of packages.', formatter_class=<class 'colcon_core.command.CustomFormatter'>, conflict_handler='error', add_help=True), verb_extension=<colcon_core.verb.build.BuildVerb object at 0x78bdad5a87c0>, main=<bound method BuildVerb.main of <colcon_core.verb.build.BuildVerb object at 0x78bdad5a87c0>>)
[0.254s] Level 1:colcon.colcon_core.package_discovery:discover_packages(recursive) check parameters
[0.254s] Level 1:colcon.colcon_core.package_discovery:discover_packages(path) check parameters
[0.254s] Level 1:colcon.colcon_core.package_discovery:discover_packages(recursive) discover
[0.255s] INFO:colcon.colcon_core.package_discovery:Crawling recursively for packages in '/home/yzl/Desktop/ros2_learning-main/ros2_homework_advanced_ws'
[0.255s] Level 1:colcon.colcon_core.package_identification:_identify(.) by extensions ['ignore', 'ignore_ament_install']
[0.255s] Level 1:colcon.colcon_core.package_identification:_identify(.) by extension 'ignore'
[0.255s] Level 1:colcon.colcon_core.package_identification:_identify(.) by extension 'ignore_ament_install'
[0.255s] Level 1:colcon.colcon_core.package_identification:_identify(.) by extensions ['ros']
[0.255s] Level 1:colcon.colcon_core.package_identification:_identify(.) by extension 'ros'
[0.281s] Level 1:colcon.colcon_core.package_identification:_identify(.) by extensions ['cmake', 'python']
[0.281s] Level 1:colcon.colcon_core.package_identification:_identify(.) by extension 'cmake'
[0.281s] Level 1:colcon.colcon_core.package_identification:_identify(.) by extension 'python'
[0.281s] Level 1:colcon.colcon_core.package_identification:_identify(.) by extensions ['python_setup_py']
[0.281s] Level 1:colcon.colcon_core.package_identification:_identify(.) by extension 'python_setup_py'
[0.281s] Level 1:colcon.colcon_core.package_identification:_identify(build) by extensions ['ignore', 'ignore_ament_install']
[0.281s] Level 1:colcon.colcon_core.package_identification:_identify(build) by extension 'ignore'
[0.281s] Level 1:colcon.colcon_core.package_identification:_identify(build) ignored
[0.281s] Level 1:colcon.colcon_core.package_identification:_identify(install) by extensions ['ignore', 'ignore_ament_install']
[0.281s] Level 1:colcon.colcon_core.package_identification:_identify(install) by extension 'ignore'
[0.281s] Level 1:colcon.colcon_core.package_identification:_identify(install) ignored
[0.282s] Level 1:colcon.colcon_core.package_identification:_identify(log) by extensions ['ignore', 'ignore_ament_install']
[0.282s] Level 1:colcon.colcon_core.package_identification:_identify(log) by extension 'ignore'
[0.282s] Level 1:colcon.colcon_core.package_identification:_identify(log) ignored
[0.282s] Level 1:colcon.colcon_core.package_identification:_identify(map_to_visualize) by extensions ['ignore', 'ignore_ament_install']
[0.282s] Level 1:colcon.colcon_core.package_identification:_identify(map_to_visualize) by extension 'ignore'
[0.282s] Level 1:colcon.colcon_core.package_identification:_identify(map_to_visualize) by extension 'ignore_ament_install'
[0.282s] Level 1:colcon.colcon_core.package_identification:_identify(map_to_visualize) by extensions ['ros']
[0.282s] Level 1:colcon.colcon_core.package_identification:_identify(map_to_visualize) by extension 'ros'
[0.282s] Level 1:colcon.colcon_core.package_identification:_identify(map_to_visualize) by extensions ['cmake', 'python']
[0.282s] Level 1:colcon.colcon_core.package_identification:_identify(map_to_visualize) by extension 'cmake'
[0.282s] Level 1:colcon.colcon_core.package_identification:_identify(map_to_visualize) by extension 'python'
[0.282s] Level 1:colcon.colcon_core.package_identification:_identify(map_to_visualize) by extensions ['python_setup_py']
[0.283s] Level 1:colcon.colcon_core.package_identification:_identify(map_to_visualize) by extension 'python_setup_py'
[0.283s] Level 1:colcon.colcon_core.package_identification:_identify(src) by extensions ['ignore', 'ignore_ament_install']
[0.283s] Level 1:colcon.colcon_core.package_identification:_identify(src) by extension 'ignore'
[0.283s] Level 1:colcon.colcon_core.package_identification:_identify(src) by extension 'ignore_ament_install'
[0.283s] Level 1:colcon.colcon_core.package_identification:_identify(src) by extensions ['ros']
[0.283s] Level 1:colcon.colcon_core.package_identification:_identify(src) by extension 'ros'
[0.283s] Level 1:colcon.colcon_core.package_identification:_identify(src) by extensions ['cmake', 'python']
[0.283s] Level 1:colcon.colcon_core.package_identification:_identify(src) by extension 'cmake'
[0.283s] Level 1:colcon.colcon_core.package_identification:_identify(src) by extension 'python'
[0.283s] Level 1:colcon.colcon_core.package_identification:_identify(src) by extensions ['python_setup_py']
[0.283s] Level 1:colcon.colcon_core.package_identification:_identify(src) by extension 'python_setup_py'
[0.283s] Level 1:colcon.colcon_core.package_identification:_identify(src/cone_map_visual) by extensions ['ignore', 'ignore_ament_install']
[0.283s] Level 1:colcon.colcon_core.package_identification:_identify(src/cone_map_visual) by extension 'ignore'
[0.283s] Level 1:colcon.colcon_core.package_identification:_identify(src/cone_map_visual) by extension 'ignore_ament_install'
[0.283s] Level 1:colcon.colcon_core.package_identification:_identify(src/cone_map_visual) by extensions ['ros']
[0.283s] Level 1:colcon.colcon_core.package_identification:_identify(src/cone_map_visual) by extension 'ros'
[0.286s] DEBUG:colcon.colcon_core.package_identification:Package 'src/cone_map_visual' with type 'ros.ament_cmake' and name 'cone_map_visual'
[0.286s] Level 1:colcon.colcon_core.package_identification:_identify(src/fsd_common_msgs) by extensions ['ignore', 'ignore_ament_install']
[0.286s] Level 1:colcon.colcon_core.package_identification:_identify(src/fsd_common_msgs) by extension 'ignore'
[0.286s] Level 1:colcon.colcon_core.package_identification:_identify(src/fsd_common_msgs) by extension 'ignore_ament_install'
[0.286s] Level 1:colcon.colcon_core.package_identification:_identify(src/fsd_common_msgs) by extensions ['ros']
[0.286s] Level 1:colcon.colcon_core.package_identification:_identify(src/fsd_common_msgs) by extension 'ros'
[0.287s] DEBUG:colcon.colcon_core.package_identification:Package 'src/fsd_common_msgs' with type 'ros.ament_cmake' and name 'fsd_common_msgs'
[0.287s] Level 1:colcon.colcon_core.package_discovery:discover_packages(recursive) using defaults
[0.287s] Level 1:colcon.colcon_core.package_discovery:discover_packages(path) discover
[0.287s] Level 1:colcon.colcon_core.package_discovery:discover_packages(path) using defaults
[0.320s] Level 5:colcon.colcon_core.verb:set package 'fsd_common_msgs' build argument 'cmake_args' from command line to 'None'
[0.320s] Level 5:colcon.colcon_core.verb:set package 'fsd_common_msgs' build argument 'cmake_target' from command line to 'None'
[0.320s] Level 5:colcon.colcon_core.verb:set package 'fsd_common_msgs' build argument 'cmake_target_skip_unavailable' from command line to 'False'
[0.320s] Level 5:colcon.colcon_core.verb:set package 'fsd_common_msgs' build argument 'cmake_clean_cache' from command line to 'False'
[0.320s] Level 5:colcon.colcon_core.verb:set package 'fsd_common_msgs' build argument 'cmake_clean_first' from command line to 'False'
[0.320s] Level 5:colcon.colcon_core.verb:set package 'fsd_common_msgs' build argument 'cmake_force_configure' from command line to 'False'
[0.320s] Level 5:colcon.colcon_core.verb:set package 'fsd_common_msgs' build argument 'ament_cmake_args' from command line to 'None'
[0.320s] Level 5:colcon.colcon_core.verb:set package 'fsd_common_msgs' build argument 'catkin_cmake_args' from command line to 'None'
[0.320s] Level 5:colcon.colcon_core.verb:set package 'fsd_common_msgs' build argument 'catkin_skip_building_tests' from command line to 'False'
[0.321s] DEBUG:colcon.colcon_core.verb:Building package 'fsd_common_msgs' with the following arguments: {'ament_cmake_args': None, 'build_base': '/home/yzl/Desktop/ros2_learning-main/ros2_homework_advanced_ws/build/fsd_common_msgs', 'catkin_cmake_args': None, 'catkin_skip_building_tests': False, 'cmake_args': None, 'cmake_clean_cache': False, 'cmake_clean_first': False, 'cmake_force_configure': False, 'cmake_target': None, 'cmake_target_skip_unavailable': False, 'install_base': '/home/yzl/Desktop/ros2_learning-main/ros2_homework_advanced_ws/install/fsd_common_msgs', 'merge_install': False, 'path': '/home/yzl/Desktop/ros2_learning-main/ros2_homework_advanced_ws/src/fsd_common_msgs', 'symlink_install': False, 'test_result_base': None}
[0.321s] Level 5:colcon.colcon_core.verb:set package 'cone_map_visual' build argument 'cmake_args' from command line to 'None'
[0.321s] Level 5:colcon.colcon_core.verb:set package 'cone_map_visual' build argument 'cmake_target' from command line to 'None'
[0.321s] Level 5:colcon.colcon_core.verb:set package 'cone_map_visual' build argument 'cmake_target_skip_unavailable' from command line to 'False'
[0.321s] Level 5:colcon.colcon_core.verb:set package 'cone_map_visual' build argument 'cmake_clean_cache' from command line to 'False'
[0.321s] Level 5:colcon.colcon_core.verb:set package 'cone_map_visual' build argument 'cmake_clean_first' from command line to 'False'
[0.321s] Level 5:colcon.colcon_core.verb:set package 'cone_map_visual' build argument 'cmake_force_configure' from command line to 'False'
[0.321s] Level 5:colcon.colcon_core.verb:set package 'cone_map_visual' build argument 'ament_cmake_args' from command line to 'None'
[0.321s] Level 5:colcon.colcon_core.verb:set package 'cone_map_visual' build argument 'catkin_cmake_args' from command line to 'None'
[0.321s] Level 5:colcon.colcon_core.verb:set package 'cone_map_visual' build argument 'catkin_skip_building_tests' from command line to 'False'
[0.321s] DEBUG:colcon.colcon_core.verb:Building package 'cone_map_visual' with the following arguments: {'ament_cmake_args': None, 'build_base': '/home/yzl/Desktop/ros2_learning-main/ros2_homework_advanced_ws/build/cone_map_visual', 'catkin_cmake_args': None, 'catkin_skip_building_tests': False, 'cmake_args': None, 'cmake_clean_cache': False, 'cmake_clean_first': False, 'cmake_force_configure': False, 'cmake_target': None, 'cmake_target_skip_unavailable': False, 'install_base': '/home/yzl/Desktop/ros2_learning-main/ros2_homework_advanced_ws/install/cone_map_visual', 'merge_install': False, 'path': '/home/yzl/Desktop/ros2_learning-main/ros2_homework_advanced_ws/src/cone_map_visual', 'symlink_install': False, 'test_result_base': None}
[0.321s] INFO:colcon.colcon_core.executor:Executing jobs using 'sequential' executor
[0.322s] DEBUG:colcon.colcon_core.executor.sequential:run_until_complete 'fsd_common_msgs'
[0.322s] INFO:colcon.colcon_ros.task.ament_cmake.build:Building ROS package in '/home/yzl/Desktop/ros2_learning-main/ros2_homework_advanced_ws/src/fsd_common_msgs' with build type 'ament_cmake'
[0.322s] INFO:colcon.colcon_cmake.task.cmake.build:Building CMake package in '/home/yzl/Desktop/ros2_learning-main/ros2_homework_advanced_ws/src/fsd_common_msgs'
[0.323s] INFO:colcon.colcon_core.plugin_system:Skipping extension 'colcon_core.shell.bat': Not used on non-Windows systems
[0.323s] DEBUG:colcon.colcon_core.shell:Skip shell extension 'dsv' for command environment
[0.341s] DEBUG:colcon.colcon_core.event_handler.log_command:Invoking command in '/home/yzl/Desktop/ros2_learning-main/ros2_homework_advanced_ws/build/fsd_common_msgs': CMAKE_PREFIX_PATH=${CMAKE_PREFIX_PATH}:/home/yzl/dev_ws/install/learning_urdf:/home/yzl/dev_ws/install/learning_topic:/home/yzl/dev_ws/install/learning_tf:/home/yzl/dev_ws/install/learning_service:/home/yzl/dev_ws/install/learning_qos:/home/yzl/dev_ws/install/learning_pkg_python:/home/yzl/dev_ws/install/learning_parameter:/home/yzl/dev_ws/install/learning_node:/home/yzl/dev_ws/install/learning_launch:/home/yzl/dev_ws/install/learning_action:/home/yzl/dev_ws/install/learning_gazebo_harmonic:/home/yzl/dev_ws/install/learning_gazebo:/home/yzl/dev_ws/install/learning_cv:/opt/ros/humble /usr/bin/cmake --build /home/yzl/Desktop/ros2_learning-main/ros2_homework_advanced_ws/build/fsd_common_msgs -- -j2 -l2
[1.781s] DEBUG:colcon.colcon_core.event_handler.log_command:Invoked command in '/home/yzl/Desktop/ros2_learning-main/ros2_homework_advanced_ws/build/fsd_common_msgs' returned '0': CMAKE_PREFIX_PATH=${CMAKE_PREFIX_PATH}:/home/yzl/dev_ws/install/learning_urdf:/home/yzl/dev_ws/install/learning_topic:/home/yzl/dev_ws/install/learning_tf:/home/yzl/dev_ws/install/learning_service:/home/yzl/dev_ws/install/learning_qos:/home/yzl/dev_ws/install/learning_pkg_python:/home/yzl/dev_ws/install/learning_parameter:/home/yzl/dev_ws/install/learning_node:/home/yzl/dev_ws/install/learning_launch:/home/yzl/dev_ws/install/learning_action:/home/yzl/dev_ws/install/learning_gazebo_harmonic:/home/yzl/dev_ws/install/learning_gazebo:/home/yzl/dev_ws/install/learning_cv:/opt/ros/humble /usr/bin/cmake --build /home/yzl/Desktop/ros2_learning-main/ros2_homework_advanced_ws/build/fsd_common_msgs -- -j2 -l2
[1.804s] DEBUG:colcon.colcon_core.event_handler.log_command:Invoking command in '/home/yzl/Desktop/ros2_learning-main/ros2_homework_advanced_ws/build/fsd_common_msgs': CMAKE_PREFIX_PATH=${CMAKE_PREFIX_PATH}:/home/yzl/dev_ws/install/learning_urdf:/home/yzl/dev_ws/install/learning_topic:/home/yzl/dev_ws/install/learning_tf:/home/yzl/dev_ws/install/learning_service:/home/yzl/dev_ws/install/learning_qos:/home/yzl/dev_ws/install/learning_pkg_python:/home/yzl/dev_ws/install/learning_parameter:/home/yzl/dev_ws/install/learning_node:/home/yzl/dev_ws/install/learning_launch:/home/yzl/dev_ws/install/learning_action:/home/yzl/dev_ws/install/learning_gazebo_harmonic:/home/yzl/dev_ws/install/learning_gazebo:/home/yzl/dev_ws/install/learning_cv:/opt/ros/humble /usr/bin/cmake --install /home/yzl/Desktop/ros2_learning-main/ros2_homework_advanced_ws/build/fsd_common_msgs
[1.999s] Level 1:colcon.colcon_core.environment:create_environment_scripts_only(fsd_common_msgs)
[1.999s] DEBUG:colcon.colcon_core.event_handler.log_command:Invoked command in '/home/yzl/Desktop/ros2_learning-main/ros2_homework_advanced_ws/build/fsd_common_msgs' returned '0': CMAKE_PREFIX_PATH=${CMAKE_PREFIX_PATH}:/home/yzl/dev_ws/install/learning_urdf:/home/yzl/dev_ws/install/learning_topic:/home/yzl/dev_ws/install/learning_tf:/home/yzl/dev_ws/install/learning_service:/home/yzl/dev_ws/install/learning_qos:/home/yzl/dev_ws/install/learning_pkg_python:/home/yzl/dev_ws/install/learning_parameter:/home/yzl/dev_ws/install/learning_node:/home/yzl/dev_ws/install/learning_launch:/home/yzl/dev_ws/install/learning_action:/home/yzl/dev_ws/install/learning_gazebo_harmonic:/home/yzl/dev_ws/install/learning_gazebo:/home/yzl/dev_ws/install/learning_cv:/opt/ros/humble /usr/bin/cmake --install /home/yzl/Desktop/ros2_learning-main/ros2_homework_advanced_ws/build/fsd_common_msgs
[2.005s] Level 1:colcon.colcon_core.environment:checking '/home/yzl/Desktop/ros2_learning-main/ros2_homework_advanced_ws/install/fsd_common_msgs' for CMake module files
[2.007s] Level 1:colcon.colcon_core.environment:checking '/home/yzl/Desktop/ros2_learning-main/ros2_homework_advanced_ws/install/fsd_common_msgs' for CMake config files
[2.011s] Level 1:colcon.colcon_core.shell:create_environment_hook('fsd_common_msgs', 'cmake_prefix_path')
[2.011s] INFO:colcon.colcon_core.shell:Creating environment descriptor '/home/yzl/Desktop/ros2_learning-main/ros2_homework_advanced_ws/install/fsd_common_msgs/share/fsd_common_msgs/hook/cmake_prefix_path.dsv'
[2.012s] INFO:colcon.colcon_core.shell:Creating environment hook '/home/yzl/Desktop/ros2_learning-main/ros2_homework_advanced_ws/install/fsd_common_msgs/share/fsd_common_msgs/hook/cmake_prefix_path.sh'
[2.014s] Level 1:colcon.colcon_core.environment:checking '/home/yzl/Desktop/ros2_learning-main/ros2_homework_advanced_ws/install/fsd_common_msgs/lib'
[2.015s] Level 1:colcon.colcon_core.shell:create_environment_hook('fsd_common_msgs', 'ld_library_path_lib')
[2.015s] INFO:colcon.colcon_core.shell:Creating environment descriptor '/home/yzl/Desktop/ros2_learning-main/ros2_homework_advanced_ws/install/fsd_common_msgs/share/fsd_common_msgs/hook/ld_library_path_lib.dsv'
[2.018s] INFO:colcon.colcon_core.shell:Creating environment hook '/home/yzl/Desktop/ros2_learning-main/ros2_homework_advanced_ws/install/fsd_common_msgs/share/fsd_common_msgs/hook/ld_library_path_lib.sh'
[2.019s] Level 1:colcon.colcon_core.environment:checking '/home/yzl/Desktop/ros2_learning-main/ros2_homework_advanced_ws/install/fsd_common_msgs/bin'
[2.019s] Level 1:colcon.colcon_core.environment:checking '/home/yzl/Desktop/ros2_learning-main/ros2_homework_advanced_ws/install/fsd_common_msgs/lib/pkgconfig/fsd_common_msgs.pc'
[2.020s] Level 1:colcon.colcon_core.environment:checking '/home/yzl/Desktop/ros2_learning-main/ros2_homework_advanced_ws/install/fsd_common_msgs/lib/python3.10/site-packages'
[2.022s] Level 1:colcon.colcon_core.environment:checking '/home/yzl/Desktop/ros2_learning-main/ros2_homework_advanced_ws/install/fsd_common_msgs/bin'
[2.023s] INFO:colcon.colcon_core.shell:Creating package descriptor '/home/yzl/Desktop/ros2_learning-main/ros2_homework_advanced_ws/install/fsd_common_msgs/share/fsd_common_msgs/package.dsv'
[2.025s] INFO:colcon.colcon_core.shell:Creating package script '/home/yzl/Desktop/ros2_learning-main/ros2_homework_advanced_ws/install/fsd_common_msgs/share/fsd_common_msgs/package.sh'
[2.026s] Level 1:colcon.colcon_core.environment:create_file_with_runtime_dependencies(/home/yzl/Desktop/ros2_learning-main/ros2_homework_advanced_ws/install/fsd_common_msgs/share/colcon-core/packages/fsd_common_msgs)
[2.028s] Level 1:colcon.colcon_core.environment:create_environment_scripts_only(fsd_common_msgs)
[2.030s] Level 1:colcon.colcon_core.environment:checking '/home/yzl/Desktop/ros2_learning-main/ros2_homework_advanced_ws/install/fsd_common_msgs' for CMake module files
[2.031s] Level 1:colcon.colcon_core.environment:checking '/home/yzl/Desktop/ros2_learning-main/ros2_homework_advanced_ws/install/fsd_common_msgs' for CMake config files
[2.032s] Level 1:colcon.colcon_core.shell:create_environment_hook('fsd_common_msgs', 'cmake_prefix_path')
[2.032s] INFO:colcon.colcon_core.shell:Creating environment descriptor '/home/yzl/Desktop/ros2_learning-main/ros2_homework_advanced_ws/install/fsd_common_msgs/share/fsd_common_msgs/hook/cmake_prefix_path.dsv'
[2.034s] INFO:colcon.colcon_core.shell:Creating environment hook '/home/yzl/Desktop/ros2_learning-main/ros2_homework_advanced_ws/install/fsd_common_msgs/share/fsd_common_msgs/hook/cmake_prefix_path.sh'
[2.035s] Level 1:colcon.colcon_core.environment:checking '/home/yzl/Desktop/ros2_learning-main/ros2_homework_advanced_ws/install/fsd_common_msgs/lib'
[2.035s] Level 1:colcon.colcon_core.shell:create_environment_hook('fsd_common_msgs', 'ld_library_path_lib')
[2.035s] INFO:colcon.colcon_core.shell:Creating environment descriptor '/home/yzl/Desktop/ros2_learning-main/ros2_homework_advanced_ws/install/fsd_common_msgs/share/fsd_common_msgs/hook/ld_library_path_lib.dsv'
[2.038s] INFO:colcon.colcon_core.shell:Creating environment hook '/home/yzl/Desktop/ros2_learning-main/ros2_homework_advanced_ws/install/fsd_common_msgs/share/fsd_common_msgs/hook/ld_library_path_lib.sh'
[2.038s] Level 1:colcon.colcon_core.environment:checking '/home/yzl/Desktop/ros2_learning-main/ros2_homework_advanced_ws/install/fsd_common_msgs/bin'
[2.038s] Level 1:colcon.colcon_core.environment:checking '/home/yzl/Desktop/ros2_learning-main/ros2_homework_advanced_ws/install/fsd_common_msgs/lib/pkgconfig/fsd_common_msgs.pc'
[2.039s] Level 1:colcon.colcon_core.environment:checking '/home/yzl/Desktop/ros2_learning-main/ros2_homework_advanced_ws/install/fsd_common_msgs/lib/python3.10/site-packages'
[2.039s] Level 1:colcon.colcon_core.environment:checking '/home/yzl/Desktop/ros2_learning-main/ros2_homework_advanced_ws/install/fsd_common_msgs/bin'
[2.039s] INFO:colcon.colcon_core.shell:Creating package descriptor '/home/yzl/Desktop/ros2_learning-main/ros2_homework_advanced_ws/install/fsd_common_msgs/share/fsd_common_msgs/package.dsv'
[2.041s] INFO:colcon.colcon_core.shell:Creating package script '/home/yzl/Desktop/ros2_learning-main/ros2_homework_advanced_ws/install/fsd_common_msgs/share/fsd_common_msgs/package.sh'
[2.042s] Level 1:colcon.colcon_core.environment:create_file_with_runtime_dependencies(/home/yzl/Desktop/ros2_learning-main/ros2_homework_advanced_ws/install/fsd_common_msgs/share/colcon-core/packages/fsd_common_msgs)
[2.043s] DEBUG:colcon.colcon_core.executor.sequential:run_until_complete 'fsd_common_msgs' finished with '0'
[2.044s] DEBUG:colcon.colcon_core.executor.sequential:run_until_complete 'cone_map_visual'
[2.044s] INFO:colcon.colcon_ros.task.ament_cmake.build:Building ROS package in '/home/yzl/Desktop/ros2_learning-main/ros2_homework_advanced_ws/src/cone_map_visual' with build type 'ament_cmake'
[2.045s] INFO:colcon.colcon_cmake.task.cmake.build:Building CMake package in '/home/yzl/Desktop/ros2_learning-main/ros2_homework_advanced_ws/src/cone_map_visual'
[2.045s] DEBUG:colcon.colcon_core.shell:Skip shell extension 'dsv' for command environment
[2.078s] DEBUG:colcon.colcon_core.event_handler.log_command:Invoking command in '/home/yzl/Desktop/ros2_learning-main/ros2_homework_advanced_ws/build/cone_map_visual': AMENT_PREFIX_PATH=/home/yzl/Desktop/ros2_learning-main/ros2_homework_advanced_ws/install/fsd_common_msgs:${AMENT_PREFIX_PATH} CMAKE_PREFIX_PATH=/home/yzl/Desktop/ros2_learning-main/ros2_homework_advanced_ws/install/fsd_common_msgs:/home/yzl/dev_ws/install/learning_topic_cpp:/home/yzl/dev_ws/install/learning_tf_cpp:/home/yzl/dev_ws/install/learning_service_cpp:/home/yzl/dev_ws/install/learning_pkg_c:/home/yzl/dev_ws/install/learning_parameter_cpp:/home/yzl/dev_ws/install/learning_node_cpp:/home/yzl/dev_ws/install/learning_action_cpp:/home/yzl/dev_ws/install/learning_interface:/home/yzl/dev_ws/install/learning_urdf:/home/yzl/dev_ws/install/learning_topic:/home/yzl/dev_ws/install/learning_tf:/home/yzl/dev_ws/install/learning_service:/home/yzl/dev_ws/install/learning_qos:/home/yzl/dev_ws/install/learning_pkg_python:/home/yzl/dev_ws/install/learning_parameter:/home/yzl/dev_ws/install/learning_node:/home/yzl/dev_ws/install/learning_launch:/home/yzl/dev_ws/install/learning_action:/home/yzl/dev_ws/install/learning_gazebo_harmonic:/home/yzl/dev_ws/install/learning_gazebo:/home/yzl/dev_ws/install/learning_cv:/opt/ros/humble LD_LIBRARY_PATH=/home/yzl/Desktop/ros2_learning-main/ros2_homework_advanced_ws/install/fsd_common_msgs/lib:${LD_LIBRARY_PATH} PYTHONPATH=/home/yzl/Desktop/ros2_learning-main/ros2_homework_advanced_ws/install/fsd_common_msgs/local/lib/python3.10/dist-packages:${PYTHONPATH} /usr/bin/cmake --build /home/yzl/Desktop/ros2_learning-main/ros2_homework_advanced_ws/build/cone_map_visual -- -j2 -l2
[13.975s] DEBUG:colcon.colcon_core.event_handler.log_command:Invoked command in '/home/yzl/Desktop/ros2_learning-main/ros2_homework_advanced_ws/build/cone_map_visual' returned '0': AMENT_PREFIX_PATH=/home/yzl/Desktop/ros2_learning-main/ros2_homework_advanced_ws/install/fsd_common_msgs:${AMENT_PREFIX_PATH} CMAKE_PREFIX_PATH=/home/yzl/Desktop/ros2_learning-main/ros2_homework_advanced_ws/install/fsd_common_msgs:/home/yzl/dev_ws/install/learning_topic_cpp:/home/yzl/dev_ws/install/learning_tf_cpp:/home/yzl/dev_ws/install/learning_service_cpp:/home/yzl/dev_ws/install/learning_pkg_c:/home/yzl/dev_ws/install/learning_parameter_cpp:/home/yzl/dev_ws/install/learning_node_cpp:/home/yzl/dev_ws/install/learning_action_cpp:/home/yzl/dev_ws/install/learning_interface:/home/yzl/dev_ws/install/learning_urdf:/home/yzl/dev_ws/install/learning_topic:/home/yzl/dev_ws/install/learning_tf:/home/yzl/dev_ws/install/learning_service:/home/yzl/dev_ws/install/learning_qos:/home/yzl/dev_ws/install/learning_pkg_python:/home/yzl/dev_ws/install/learning_parameter:/home/yzl/dev_ws/install/learning_node:/home/yzl/dev_ws/install/learning_launch:/home/yzl/dev_ws/install/learning_action:/home/yzl/dev_ws/install/learning_gazebo_harmonic:/home/yzl/dev_ws/install/learning_gazebo:/home/yzl/dev_ws/install/learning_cv:/opt/ros/humble LD_LIBRARY_PATH=/home/yzl/Desktop/ros2_learning-main/ros2_homework_advanced_ws/install/fsd_common_msgs/lib:${LD_LIBRARY_PATH} PYTHONPATH=/home/yzl/Desktop/ros2_learning-main/ros2_homework_advanced_ws/install/fsd_common_msgs/local/lib/python3.10/dist-packages:${PYTHONPATH} /usr/bin/cmake --build /home/yzl/Desktop/ros2_learning-main/ros2_homework_advanced_ws/build/cone_map_visual -- -j2 -l2
[13.976s] DEBUG:colcon.colcon_core.event_handler.log_command:Invoking command in '/home/yzl/Desktop/ros2_learning-main/ros2_homework_advanced_ws/build/cone_map_visual': AMENT_PREFIX_PATH=/home/yzl/Desktop/ros2_learning-main/ros2_homework_advanced_ws/install/fsd_common_msgs:${AMENT_PREFIX_PATH} CMAKE_PREFIX_PATH=/home/yzl/Desktop/ros2_learning-main/ros2_homework_advanced_ws/install/fsd_common_msgs:/home/yzl/dev_ws/install/learning_topic_cpp:/home/yzl/dev_ws/install/learning_tf_cpp:/home/yzl/dev_ws/install/learning_service_cpp:/home/yzl/dev_ws/install/learning_pkg_c:/home/yzl/dev_ws/install/learning_parameter_cpp:/home/yzl/dev_ws/install/learning_node_cpp:/home/yzl/dev_ws/install/learning_action_cpp:/home/yzl/dev_ws/install/learning_interface:/home/yzl/dev_ws/install/learning_urdf:/home/yzl/dev_ws/install/learning_topic:/home/yzl/dev_ws/install/learning_tf:/home/yzl/dev_ws/install/learning_service:/home/yzl/dev_ws/install/learning_qos:/home/yzl/dev_ws/install/learning_pkg_python:/home/yzl/dev_ws/install/learning_parameter:/home/yzl/dev_ws/install/learning_node:/home/yzl/dev_ws/install/learning_launch:/home/yzl/dev_ws/install/learning_action:/home/yzl/dev_ws/install/learning_gazebo_harmonic:/home/yzl/dev_ws/install/learning_gazebo:/home/yzl/dev_ws/install/learning_cv:/opt/ros/humble LD_LIBRARY_PATH=/home/yzl/Desktop/ros2_learning-main/ros2_homework_advanced_ws/install/fsd_common_msgs/lib:${LD_LIBRARY_PATH} PYTHONPATH=/home/yzl/Desktop/ros2_learning-main/ros2_homework_advanced_ws/install/fsd_common_msgs/local/lib/python3.10/dist-packages:${PYTHONPATH} /usr/bin/cmake --install /home/yzl/Desktop/ros2_learning-main/ros2_homework_advanced_ws/build/cone_map_visual
[14.028s] Level 1:colcon.colcon_core.environment:create_environment_scripts_only(cone_map_visual)
[14.029s] Level 1:colcon.colcon_core.environment:checking '/home/yzl/Desktop/ros2_learning-main/ros2_homework_advanced_ws/install/cone_map_visual' for CMake module files
[14.029s] Level 1:colcon.colcon_core.environment:checking '/home/yzl/Desktop/ros2_learning-main/ros2_homework_advanced_ws/install/cone_map_visual' for CMake config files
[14.028s] DEBUG:colcon.colcon_core.event_handler.log_command:Invoked command in '/home/yzl/Desktop/ros2_learning-main/ros2_homework_advanced_ws/build/cone_map_visual' returned '0': AMENT_PREFIX_PATH=/home/yzl/Desktop/ros2_learning-main/ros2_homework_advanced_ws/install/fsd_common_msgs:${AMENT_PREFIX_PATH} CMAKE_PREFIX_PATH=/home/yzl/Desktop/ros2_learning-main/ros2_homework_advanced_ws/install/fsd_common_msgs:/home/yzl/dev_ws/install/learning_topic_cpp:/home/yzl/dev_ws/install/learning_tf_cpp:/home/yzl/dev_ws/install/learning_service_cpp:/home/yzl/dev_ws/install/learning_pkg_c:/home/yzl/dev_ws/install/learning_parameter_cpp:/home/yzl/dev_ws/install/learning_node_cpp:/home/yzl/dev_ws/install/learning_action_cpp:/home/yzl/dev_ws/install/learning_interface:/home/yzl/dev_ws/install/learning_urdf:/home/yzl/dev_ws/install/learning_topic:/home/yzl/dev_ws/install/learning_tf:/home/yzl/dev_ws/install/learning_service:/home/yzl/dev_ws/install/learning_qos:/home/yzl/dev_ws/install/learning_pkg_python:/home/yzl/dev_ws/install/learning_parameter:/home/yzl/dev_ws/install/learning_node:/home/yzl/dev_ws/install/learning_launch:/home/yzl/dev_ws/install/learning_action:/home/yzl/dev_ws/install/learning_gazebo_harmonic:/home/yzl/dev_ws/install/learning_gazebo:/home/yzl/dev_ws/install/learning_cv:/opt/ros/humble LD_LIBRARY_PATH=/home/yzl/Desktop/ros2_learning-main/ros2_homework_advanced_ws/install/fsd_common_msgs/lib:${LD_LIBRARY_PATH} PYTHONPATH=/home/yzl/Desktop/ros2_learning-main/ros2_homework_advanced_ws/install/fsd_common_msgs/local/lib/python3.10/dist-packages:${PYTHONPATH} /usr/bin/cmake --install /home/yzl/Desktop/ros2_learning-main/ros2_homework_advanced_ws/build/cone_map_visual
[14.031s] Level 1:colcon.colcon_core.shell:create_environment_hook('cone_map_visual', 'cmake_prefix_path')
[14.032s] INFO:colcon.colcon_core.shell:Creating environment descriptor '/home/yzl/Desktop/ros2_learning-main/ros2_homework_advanced_ws/install/cone_map_visual/share/cone_map_visual/hook/cmake_prefix_path.dsv'
[14.034s] INFO:colcon.colcon_core.shell:Creating environment hook '/home/yzl/Desktop/ros2_learning-main/ros2_homework_advanced_ws/install/cone_map_visual/share/cone_map_visual/hook/cmake_prefix_path.sh'
[14.035s] Level 1:colcon.colcon_core.environment:checking '/home/yzl/Desktop/ros2_learning-main/ros2_homework_advanced_ws/install/cone_map_visual/lib'
[14.037s] Level 1:colcon.colcon_core.environment:checking '/home/yzl/Desktop/ros2_learning-main/ros2_homework_advanced_ws/install/cone_map_visual/bin'
[14.037s] Level 1:colcon.colcon_core.environment:checking '/home/yzl/Desktop/ros2_learning-main/ros2_homework_advanced_ws/install/cone_map_visual/lib/pkgconfig/cone_map_visual.pc'
[14.037s] Level 1:colcon.colcon_core.environment:checking '/home/yzl/Desktop/ros2_learning-main/ros2_homework_advanced_ws/install/cone_map_visual/lib/python3.10/site-packages'
[14.037s] Level 1:colcon.colcon_core.environment:checking '/home/yzl/Desktop/ros2_learning-main/ros2_homework_advanced_ws/install/cone_map_visual/bin'
[14.044s] INFO:colcon.colcon_core.shell:Creating package descriptor '/home/yzl/Desktop/ros2_learning-main/ros2_homework_advanced_ws/install/cone_map_visual/share/cone_map_visual/package.dsv'
[14.044s] INFO:colcon.colcon_core.shell:Creating package script '/home/yzl/Desktop/ros2_learning-main/ros2_homework_advanced_ws/install/cone_map_visual/share/cone_map_visual/package.sh'
[14.045s] Level 1:colcon.colcon_core.environment:create_file_with_runtime_dependencies(/home/yzl/Desktop/ros2_learning-main/ros2_homework_advanced_ws/install/cone_map_visual/share/colcon-core/packages/cone_map_visual)
[14.057s] Level 1:colcon.colcon_core.environment:create_environment_scripts_only(cone_map_visual)
[14.062s] Level 1:colcon.colcon_core.environment:checking '/home/yzl/Desktop/ros2_learning-main/ros2_homework_advanced_ws/install/cone_map_visual' for CMake module files
[14.063s] Level 1:colcon.colcon_core.environment:checking '/home/yzl/Desktop/ros2_learning-main/ros2_homework_advanced_ws/install/cone_map_visual' for CMake config files
[14.063s] Level 1:colcon.colcon_core.shell:create_environment_hook('cone_map_visual', 'cmake_prefix_path')
[14.063s] INFO:colcon.colcon_core.shell:Creating environment descriptor '/home/yzl/Desktop/ros2_learning-main/ros2_homework_advanced_ws/install/cone_map_visual/share/cone_map_visual/hook/cmake_prefix_path.dsv'
[14.065s] INFO:colcon.colcon_core.shell:Creating environment hook '/home/yzl/Desktop/ros2_learning-main/ros2_homework_advanced_ws/install/cone_map_visual/share/cone_map_visual/hook/cmake_prefix_path.sh'
[14.069s] Level 1:colcon.colcon_core.environment:checking '/home/yzl/Desktop/ros2_learning-main/ros2_homework_advanced_ws/install/cone_map_visual/lib'
[14.069s] Level 1:colcon.colcon_core.environment:checking '/home/yzl/Desktop/ros2_learning-main/ros2_homework_advanced_ws/install/cone_map_visual/bin'
[14.069s] Level 1:colcon.colcon_core.environment:checking '/home/yzl/Desktop/ros2_learning-main/ros2_homework_advanced_ws/install/cone_map_visual/lib/pkgconfig/cone_map_visual.pc'
[14.069s] Level 1:colcon.colcon_core.environment:checking '/home/yzl/Desktop/ros2_learning-main/ros2_homework_advanced_ws/install/cone_map_visual/lib/python3.10/site-packages'
[14.069s] Level 1:colcon.colcon_core.environment:checking '/home/yzl/Desktop/ros2_learning-main/ros2_homework_advanced_ws/install/cone_map_visual/bin'
[14.069s] INFO:colcon.colcon_core.shell:Creating package descriptor '/home/yzl/Desktop/ros2_learning-main/ros2_homework_advanced_ws/install/cone_map_visual/share/cone_map_visual/package.dsv'
[14.071s] INFO:colcon.colcon_core.shell:Creating package script '/home/yzl/Desktop/ros2_learning-main/ros2_homework_advanced_ws/install/cone_map_visual/share/cone_map_visual/package.sh'
[14.072s] Level 1:colcon.colcon_core.environment:create_file_with_runtime_dependencies(/home/yzl/Desktop/ros2_learning-main/ros2_homework_advanced_ws/install/cone_map_visual/share/colcon-core/packages/cone_map_visual)
[14.075s] DEBUG:colcon.colcon_core.executor.sequential:run_until_complete 'cone_map_visual' finished with '0'
[14.075s] DEBUG:colcon.colcon_core.executor.sequential:closing loop
[14.076s] DEBUG:colcon.colcon_core.executor.sequential:loop closed
[14.076s] DEBUG:colcon.colcon_core.event_reactor:joining thread
[14.077s] DEBUG:colcon.colcon_core.event_reactor:joined thread
[14.078s] INFO:colcon.colcon_core.shell:Creating prefix script '/home/yzl/Desktop/ros2_learning-main/ros2_homework_advanced_ws/install/local_setup.sh'
[14.081s] INFO:colcon.colcon_core.shell:Creating prefix util module '/home/yzl/Desktop/ros2_learning-main/ros2_homework_advanced_ws/install/_local_setup_util_sh.py'
[14.082s] INFO:colcon.colcon_core.shell:Creating prefix chain script '/home/yzl/Desktop/ros2_learning-main/ros2_homework_advanced_ws/install/setup.sh'
